Archive member included to satisfy reference by file (symbol)

c:/program files (x86)/atmel/studio/7.0/toolchain/arm/arm-gnu-toolchain/bin/../lib/gcc/arm-none-eabi/6.3.1/thumb/v7e-m\libgcc.a(_arm_addsubdf3.o)
                              Drivers/Source/gpio.o (__aeabi_dsub)
c:/program files (x86)/atmel/studio/7.0/toolchain/arm/arm-gnu-toolchain/bin/../lib/gcc/arm-none-eabi/6.3.1/thumb/v7e-m\libgcc.a(_arm_muldivdf3.o)
                              Drivers/Source/gpio.o (__aeabi_dmul)
c:/program files (x86)/atmel/studio/7.0/toolchain/arm/arm-gnu-toolchain/bin/../lib/gcc/arm-none-eabi/6.3.1/thumb/v7e-m\libgcc.a(_arm_truncdfsf2.o)
                              Drivers/Source/gpio.o (__aeabi_d2f)
c:/program files (x86)/atmel/studio/7.0/toolchain/arm/arm-gnu-toolchain/bin/../lib/gcc/arm-none-eabi/6.3.1/thumb/v7e-m\libgcc.a(_arm_fixunssfsi.o)
                              Drivers/Source/gpio.o (__aeabi_f2uiz)
c:/program files (x86)/atmel/studio/7.0/toolchain/arm/arm-gnu-toolchain/bin/../lib/gcc/arm-none-eabi/6.3.1/../../../../arm-none-eabi/lib/thumb/v7e-m\libc.a(lib_a-exit.o)
                              c:/program files (x86)/atmel/studio/7.0/toolchain/arm/arm-gnu-toolchain/bin/../lib/gcc/arm-none-eabi/6.3.1/../../../../arm-none-eabi/lib/thumb/v7e-m/crt0.o (exit)
c:/program files (x86)/atmel/studio/7.0/toolchain/arm/arm-gnu-toolchain/bin/../lib/gcc/arm-none-eabi/6.3.1/../../../../arm-none-eabi/lib/thumb/v7e-m\libc.a(lib_a-impure.o)
                              c:/program files (x86)/atmel/studio/7.0/toolchain/arm/arm-gnu-toolchain/bin/../lib/gcc/arm-none-eabi/6.3.1/../../../../arm-none-eabi/lib/thumb/v7e-m\libc.a(lib_a-exit.o) (_global_impure_ptr)
c:/program files (x86)/atmel/studio/7.0/toolchain/arm/arm-gnu-toolchain/bin/../lib/gcc/arm-none-eabi/6.3.1/../../../../arm-none-eabi/lib/thumb/v7e-m\libc.a(lib_a-init.o)
                              c:/program files (x86)/atmel/studio/7.0/toolchain/arm/arm-gnu-toolchain/bin/../lib/gcc/arm-none-eabi/6.3.1/../../../../arm-none-eabi/lib/thumb/v7e-m/crt0.o (__libc_init_array)
c:/program files (x86)/atmel/studio/7.0/toolchain/arm/arm-gnu-toolchain/bin/../lib/gcc/arm-none-eabi/6.3.1/../../../../arm-none-eabi/lib/thumb/v7e-m\libc.a(lib_a-memcpy.o)
                              Drivers/Source/text.o (memcpy)
c:/program files (x86)/atmel/studio/7.0/toolchain/arm/arm-gnu-toolchain/bin/../lib/gcc/arm-none-eabi/6.3.1/../../../../arm-none-eabi/lib/thumb/v7e-m\libc.a(lib_a-memset.o)
                              c:/program files (x86)/atmel/studio/7.0/toolchain/arm/arm-gnu-toolchain/bin/../lib/gcc/arm-none-eabi/6.3.1/../../../../arm-none-eabi/lib/thumb/v7e-m/crt0.o (memset)
c:/program files (x86)/atmel/studio/7.0/toolchain/arm/arm-gnu-toolchain/bin/../lib/gcc/arm-none-eabi/6.3.1/../../../../arm-none-eabi/lib/thumb/v7e-m\libc.a(lib_a-stpcpy.o)
                              Command line interface/Source/command_line_interface.o (stpcpy)
c:/program files (x86)/atmel/studio/7.0/toolchain/arm/arm-gnu-toolchain/bin/../lib/gcc/arm-none-eabi/6.3.1/../../../../arm-none-eabi/lib/thumb/v7e-m\libc.a(lib_a-strcat.o)
                              Command line interface/Source/command_line_interface.o (strcat)
c:/program files (x86)/atmel/studio/7.0/toolchain/arm/arm-gnu-toolchain/bin/../lib/gcc/arm-none-eabi/6.3.1/../../../../arm-none-eabi/lib/thumb/v7e-m\libc.a(lib_a-strcmp.o)
                              Command line interface/Source/command_line_interface.o (strcmp)
c:/program files (x86)/atmel/studio/7.0/toolchain/arm/arm-gnu-toolchain/bin/../lib/gcc/arm-none-eabi/6.3.1/../../../../arm-none-eabi/lib/thumb/v7e-m\libc.a(lib_a-strcpy.o)
                              c:/program files (x86)/atmel/studio/7.0/toolchain/arm/arm-gnu-toolchain/bin/../lib/gcc/arm-none-eabi/6.3.1/../../../../arm-none-eabi/lib/thumb/v7e-m\libc.a(lib_a-strcat.o) (strcpy)
c:/program files (x86)/atmel/studio/7.0/toolchain/arm/arm-gnu-toolchain/bin/../lib/gcc/arm-none-eabi/6.3.1/../../../../arm-none-eabi/lib/thumb/v7e-m\libc.a(lib_a-strlen.o)
                              Command line interface/Source/command_line_interface.o (strlen)
c:/program files (x86)/atmel/studio/7.0/toolchain/arm/arm-gnu-toolchain/bin/../lib/gcc/arm-none-eabi/6.3.1/../../../../arm-none-eabi/lib/thumb/v7e-m\libc.a(lib_a-strncmp.o)
                              Command line interface/Source/command_line_interface.o (strncmp)
c:/program files (x86)/atmel/studio/7.0/toolchain/arm/arm-gnu-toolchain/bin/../lib/gcc/arm-none-eabi/6.3.1/../../../../arm-none-eabi/lib/thumb/v7e-m\libc.a(lib_a-strncpy.o)
                              Command line interface/Source/command_line_interface.o (strncpy)
c:/program files (x86)/atmel/studio/7.0/toolchain/arm/arm-gnu-toolchain/bin/../lib/gcc/arm-none-eabi/6.3.1/../../../../arm-none-eabi/lib/thumb/v7e-m\libc.a(lib_a-__call_atexit.o)
[...]
Memory Configuration

Name             Origin             Length             Attributes
rom              0x00400000         0x00200000         xr
ram              0x20400000         0x00060000         xrw
*default*        0x00000000         0xffffffff

Linker script and memory map

LOAD c:/program files (x86)/atmel/studio/7.0/toolchain/arm/arm-gnu-toolchain/bin/../lib/gcc/arm-none-eabi/6.3.1/thumb/v7e-m/crti.o
LOAD c:/program files (x86)/atmel/studio/7.0/toolchain/arm/arm-gnu-toolchain/bin/../lib/gcc/arm-none-eabi/6.3.1/thumb/v7e-m/crtbegin.o
LOAD c:/program files (x86)/atmel/studio/7.0/toolchain/arm/arm-gnu-toolchain/bin/../lib/gcc/arm-none-eabi/6.3.1/../../../../arm-none-eabi/lib/thumb/v7e-m/crt0.o
LOAD Board packages/Source/board_button.o
LOAD Board packages/Source/board_led.o
LOAD Board packages/Source/board_sd_card.o
LOAD Board packages/Source/board_serial.o
LOAD Board packages/Source/board_serial_programming.o
LOAD Command line interface/Source/command_line_interface.o
LOAD Drivers/Source/cache.o
LOAD Drivers/Source/check.o
LOAD Drivers/Source/clock.o
LOAD Drivers/Source/core.o
LOAD Drivers/Source/dma.o
LOAD Drivers/Source/dram.o
LOAD Drivers/Source/flash.o
LOAD Drivers/Source/gpio.o
LOAD Drivers/Source/hsmci.o
LOAD Drivers/Source/interrupt.o
LOAD Drivers/Source/matrix.o
LOAD Drivers/Source/spi.o
LOAD Drivers/Source/systick.o
LOAD Drivers/Source/text.o
LOAD Drivers/Source/timer.o
LOAD Drivers/Source/uart.o
LOAD Drivers/Source/usart.o
LOAD Drivers/Source/usbhs.o
LOAD Drivers/Source/watchdog.o
LOAD File system/Source/file_system_fat.o
LOAD File system/Source/file_system_io.o
LOAD File system/Source/file_system_unicode.o
LOAD Kernel/Assembly/kernel_context.o
LOAD Kernel/Assembly/kernel_service_handler.o
LOAD Kernel/Source/atomic.o
LOAD Kernel/Source/dynamic_loader.o
LOAD Kernel/Source/fault.o
LOAD Kernel/Source/kernel.o
LOAD Kernel/Source/list.o
LOAD Kernel/Source/mutex.o
LOAD Kernel/Source/process.o
LOAD Kernel/Source/scheduler.o
LOAD Kernel/Source/scheduler_v2.o
LOAD Kernel/Source/syscall.o
LOAD Kernel/Source/thread.o
LOAD Memory/Source/dynamic_memory.o
LOAD SD/Source/sd_protocol.o
LOAD System startup/startup.o
LOAD main.o
LOAD USB/Source/usb_host_core.o
START GROUP
LOAD c:/program files (x86)/atmel/studio/7.0/toolchain/arm/arm-gnu-toolchain/bin/../lib/gcc/arm-none-eabi/6.3.1/../../../../arm-none-eabi/lib/thumb/v7e-m\libm.a
END GROUP
START GROUP
LOAD c:/program files (x86)/atmel/studio/7.0/toolchain/arm/arm-gnu-toolchain/bin/../lib/gcc/arm-none-eabi/6.3.1/thumb/v7e-m\libgcc.a
LOAD c:/program files (x86)/atmel/studio/7.0/toolchain/arm/arm-gnu-toolchain/bin/../lib/gcc/arm-none-eabi/6.3.1/../../../../arm-none-eabi/lib/thumb/v7e-m\libc.a
END GROUP
LOAD c:/program files (x86)/atmel/studio/7.0/toolchain/arm/arm-gnu-toolchain/bin/../lib/gcc/arm-none-eabi/6.3.1/thumb/v7e-m/crtend.o
LOAD c:/program files (x86)/atmel/studio/7.0/toolchain/arm/arm-gnu-toolchain/bin/../lib/gcc/arm-none-eabi/6.3.1/thumb/v7e-m/crtn.o
                0x00000400                STACK_SIZE = DEFINED (STACK_SIZE)?STACK_SIZE:DEFINED (__stack_size__)?__stack_size__:0x400
                0x00050000                HEAP_SIZE = DEFINED (HEAP_SIZE)?HEAP_SIZE:DEFINED (__heap_size__)?__heap_size__:0x50000

.text           0x00400000     0xbd18
                0x00400000                . = ALIGN (0x4)
                0x00400000                _sfixed = .
 *(.vectors .vectors.*)
 .vectors       0x00400000      0x168 System startup/startup.o
                0x00400000                exception_table
 *(.text .text.* .gnu.linkonce.t.*)
 .text          0x00400168       0x6c c:/program files (x86)/atmel/studio/7.0/toolchain/arm/arm-gnu-toolchain/bin/../lib/gcc/arm-none-eabi/6.3.1/thumb/v7e-m/crtbegin.o
 .text.board_button_config
                0x004001d4       0x5c Board packages/Source/board_button.o
                0x004001d4                board_button_config
 .text.PIOA_Handler
                0x00400230       0x10 Board packages/Source/board_button.o
                0x00400230                PIOA_Handler
 .text.blink_thread
                0x00400240       0x4c Board packages/Source/board_led.o
                0x00400240                blink_thread
 .text.board_sd_card_get_status
                0x0040028c       0x1c Board packages/Source/board_sd_card.o
                0x0040028c                board_sd_card_get_status
 .text.board_sd_card_config
                0x004002a8       0x80 Board packages/Source/board_sd_card.o
                0x004002a8                board_sd_card_config
 .text.board_serial_dma_callback
                0x00400328       0x3c Board packages/Source/board_serial.o
                0x00400328                board_serial_dma_callback
 .text.board_serial_config
                0x00400364       0xdc Board packages/Source/board_serial.o
                0x00400364                board_serial_config
 .text.board_serial_write
                0x00400440       0x10 Board packages/Source/board_serial.o
                0x00400440                board_serial_write
 .text.board_serial_dma_flush_buffer
                0x00400450       0xdc Board packages/Source/board_serial.o
                0x00400450                board_serial_dma_flush_buffer
 .text.board_serial_print
                0x0040052c      0x724 Board packages/Source/board_serial.o
                0x0040052c                board_serial_print
 .text.board_serial_print_register
                0x00400c50       0x64 Board packages/Source/board_serial.o
                0x00400c50                board_serial_print_register
 .text.board_serial_dma_print_size
                0x00400cb4       0xc8 Board packages/Source/board_serial.o
                0x00400cb4                board_serial_dma_print_size
 .text.TC0_Handler
                0x00400d7c       0x70 Board packages/Source/board_serial.o
                0x00400d7c                TC0_Handler
 .text.board_serial_programming_dma_callback
                0x00400dec       0x14 Board packages/Source/board_serial_programming.o
                0x00400dec                board_serial_programming_dma_callback
 .text.board_serial_programming_config
                0x00400e00       0xe0 Board packages/Source/board_serial_programming.o
                0x00400e00                board_serial_programming_config
 .text.board_serial_programming_dma_flush_buffer
                0x00400ee0       0xdc Board packages/Source/board_serial_programming.o
                0x00400ee0                board_serial_programming_dma_flush_buffer
 .text.board_serial_programming_print
                0x00400fbc      0x8c8 Board packages/Source/board_serial_programming.o
                0x00400fbc                board_serial_programming_print
 .text.board_serial_programming_write_percent
                0x00401884       0x94 Board packages/Source/board_serial_programming.o
                0x00401884                board_serial_programming_write_percent
 .text.TC1_Handler
                0x00401918       0x50 Board packages/Source/board_serial_programming.o
                0x00401918                TC1_Handler
 .text.file_system_command_line_config
                0x00401968       0x38 Command line interface/Source/command_line_interface.o
                0x00401968                file_system_command_line_config
 .text.file_system_command_line_ls
                0x004019a0       0xfc Command line interface/Source/command_line_interface.o
                0x004019a0                file_system_command_line_ls
 .text.file_system_command_line_touch
                0x00401a9c       0x6c Command line interface/Source/command_line_interface.o
                0x00401a9c                file_system_command_line_touch
 .text.file_system_command_line_cat
                0x00401b08       0xd0 Command line interface/Source/command_line_interface.o
                0x00401b08                file_system_command_line_cat
 .text.file_system_command_line_hex
                0x00401bd8      0x144 Command line interface/Source/command_line_interface.o
                0x00401bd8                file_system_command_line_hex
 .text.file_system_command_line_run
                0x00401d1c       0xf4 Command line interface/Source/command_line_interface.o
                0x00401d1c                file_system_command_line_run
 .text.file_system_command_line_handler
                0x00401e10      0x20c Command line interface/Source/command_line_interface.o
                0x00401e10                file_system_command_line_handler
 .text.file_system_command_line_thread
                0x0040201c      0x114 Command line interface/Source/command_line_interface.o
                0x0040201c                file_system_command_line_thread
 .text.USART1_Handler
                0x00402130       0xe8 Command line interface/Source/command_line_interface.o
                0x00402130                USART1_Handler
 .text.check_handler
                0x00402218       0x1c Drivers/Source/check.o
                0x00402218                check_handler
 .text.clock_sources_config
                0x00402234       0x9c Drivers/Source/clock.o
                0x00402234                clock_sources_config
 .text.clock_main_clock_config
                0x004022d0       0x58 Drivers/Source/clock.o
                0x004022d0                clock_main_clock_config
 .text.clock_pll_config
                0x00402328       0x64 Drivers/Source/clock.o
                0x00402328                clock_pll_config
 .text.clock_master_clock_config
                0x0040238c       0x78 Drivers/Source/clock.o
                0x0040238c                clock_master_clock_config
 .text.clock_peripheral_clock_enable
                0x00402404       0x80 Drivers/Source/clock.o
                0x00402404                clock_peripheral_clock_enable
 .text.core_enter_critical_section
                0x00402484       0x10 Drivers/Source/core.o
                0x00402484                core_enter_critical_section
 .text.core_leave_critical_section
                0x00402494        0xc Drivers/Source/core.o
                0x00402494                core_leave_critical_section
 .text.dma_config
                0x004024a0       0x6c Drivers/Source/dma.o
                0x004024a0                dma_config
 .text.dma_setup_transaction
                0x0040250c      0x164 Drivers/Source/dma.o
                0x0040250c                dma_setup_transaction
 .text.dma_channel_set_callback
                0x00402670        0xc Drivers/Source/dma.o
                0x00402670                dma_channel_set_callback
 .text.XDMAC_Handler
                0x0040267c       0x6c Drivers/Source/dma.o
                0x0040267c                XDMAC_Handler
 .text.dram_config
                0x004026e8      0x300 Drivers/Source/dram.o
                0x004026e8                dram_config
 .text.flash_set_wait_states
                0x004029e8       0x34 Drivers/Source/flash.o
                0x004029e8                flash_set_wait_states
 .text.gpio_set_pin_function
                0x00402a1c       0x7c Drivers/Source/gpio.o
                0x00402a1c                gpio_set_pin_function
 .text.gpio_set_pin_direction_output
                0x00402a98       0x28 Drivers/Source/gpio.o
                0x00402a98                gpio_set_pin_direction_output
 .text.gpio_set_pin_direction_input
                0x00402ac0       0x28 Drivers/Source/gpio.o
                0x00402ac0                gpio_set_pin_direction_input
 .text.gpio_set_pin_value
                0x00402ae8       0x28 Drivers/Source/gpio.o
                0x00402ae8                gpio_set_pin_value
 .text.gpio_clear_pin_value
                0x00402b10       0x28 Drivers/Source/gpio.o
                0x00402b10                gpio_clear_pin_value
 .text.gpio_get_pin_value_status_register
                0x00402b38        0x4 Drivers/Source/gpio.o
                0x00402b38                gpio_get_pin_value_status_register
 .text.gpio_debounce_filter_enable
                0x00402b3c       0x7c Drivers/Source/gpio.o
                0x00402b3c                gpio_debounce_filter_enable
 .text.gpio_pullup_enable
                0x00402bb8       0x28 Drivers/Source/gpio.o
                0x00402bb8                gpio_pullup_enable
 .text.gpio_set_interrupt_source
                0x00402be0       0xa0 Drivers/Source/gpio.o
                0x00402be0                gpio_set_interrupt_source
 .text.hsmci_write_protection_disable
                0x00402c80       0x28 Drivers/Source/hsmci.o
                0x00402c80                hsmci_write_protection_disable
 .text.hsmci_enable
                0x00402ca8       0x24 Drivers/Source/hsmci.o
                0x00402ca8                hsmci_enable
 .text.hsmci_set_data_timeout
                0x00402ccc       0x28 Drivers/Source/hsmci.o
                0x00402ccc                hsmci_set_data_timeout
 .text.hsmci_set_completion_timeout
                0x00402cf4       0x28 Drivers/Source/hsmci.o
                0x00402cf4                hsmci_set_completion_timeout
 .text.hsmci_set_bus_width
                0x00402d1c       0x24 Drivers/Source/hsmci.o
                0x00402d1c                hsmci_set_bus_width
 .text.hsmci_write_data_register
                0x00402d40       0x2c Drivers/Source/hsmci.o
                0x00402d40                hsmci_write_data_register
 .text.hsmci_read_data_register
                0x00402d6c       0x10 Drivers/Source/hsmci.o
                0x00402d6c                hsmci_read_data_register
 .text.hsmci_read_data_register_reverse
                0x00402d7c       0x5c Drivers/Source/hsmci.o
                0x00402d7c                hsmci_read_data_register_reverse
 .text.hsmci_read_48_bit_response_register
                0x00402dd8        0x4 Drivers/Source/hsmci.o
                0x00402dd8                hsmci_read_48_bit_response_register
 .text.hsmci_read_136_bit_response_register_extended
                0x00402ddc       0x50 Drivers/Source/hsmci.o
                0x00402ddc                hsmci_read_136_bit_response_register_extended
 .text.hsmci_read_status_register
                0x00402e2c        0x4 Drivers/Source/hsmci.o
                0x00402e2c                hsmci_read_status_register
 .text.hsmci_send_command
                0x00402e30       0x9c Drivers/Source/hsmci.o
                0x00402e30                hsmci_send_command
 .text.hsmci_send_addressed_data_transfer_command
                0x00402ecc      0x160 Drivers/Source/hsmci.o
                0x00402ecc                hsmci_send_addressed_data_transfer_command
 .text.hsmci_set_bus_speed
                0x0040302c       0x50 Drivers/Source/hsmci.o
                0x0040302c                hsmci_set_bus_speed
 .text.hsmci_write_mode_register
                0x0040307c       0x60 Drivers/Source/hsmci.o
                0x0040307c                hsmci_write_mode_register
 .text.hsmci_high_speed_enable
                0x004030dc       0x28 Drivers/Source/hsmci.o
                0x004030dc                hsmci_high_speed_enable
 .text.hsmci_write_configuration_register
                0x00403104       0x40 Drivers/Source/hsmci.o
                0x00403104                hsmci_write_configuration_register
 .text.interrupt_enable_peripheral_interrupt
                0x00403144       0x6c Drivers/Source/interrupt.o
                0x00403144                interrupt_enable_peripheral_interrupt
 .text.interrupt_global_disable
                0x004031b0        0x4 Drivers/Source/interrupt.o
                0x004031b0                interrupt_global_disable
 .text.matrix_write_protection_disable
                0x004031b4       0x28 Drivers/Source/matrix.o
                0x004031b4                matrix_write_protection_disable
 .text.matrix_write_flash_chip_select_configuration_register
                0x004031dc       0x4c Drivers/Source/matrix.o
                0x004031dc                matrix_write_flash_chip_select_configuration_register
 .text.systick_config
                0x00403228       0x30 Drivers/Source/systick.o
                0x00403228                systick_config
 .text.systick_disable
                0x00403258       0x2c Drivers/Source/systick.o
                0x00403258                systick_disable
 .text.systick_set_reload_value
                0x00403284       0x28 Drivers/Source/systick.o
                0x00403284                systick_set_reload_value
 .text.systick_set_counter_value
                0x004032ac       0x28 Drivers/Source/systick.o
                0x004032ac                systick_set_counter_value
 .text.systick_get_counter_value
                0x004032d4        0xc Drivers/Source/systick.o
                0x004032d4                systick_get_counter_value
 .text.systick_delay_milliseconds
                0x004032e0       0x54 Drivers/Source/systick.o
                0x004032e0                systick_delay_milliseconds
 .text.timer_clock_enable
                0x00403334       0x28 Drivers/Source/timer.o
                0x00403334                timer_clock_enable
 .text.timer_clock_disable
                0x0040335c       0x28 Drivers/Source/timer.o
                0x0040335c                timer_clock_disable
 .text.timer_software_trigger
                0x00403384       0x28 Drivers/Source/timer.o
                0x00403384                timer_software_trigger
 .text.timer_write_protection_disable
                0x004033ac       0x28 Drivers/Source/timer.o
                0x004033ac                timer_write_protection_disable
 .text.timer_set_compare_c
                0x004033d4       0x28 Drivers/Source/timer.o
                0x004033d4                timer_set_compare_c
 .text.timer_read_interrupt_status
                0x004033fc        0x8 Drivers/Source/timer.o
                0x004033fc                timer_read_interrupt_status
 .text.timer_interrupt_enable
                0x00403404       0x28 Drivers/Source/timer.o
                0x00403404                timer_interrupt_enable
 .text.timer_capture_mode_config
                0x0040342c       0x5c Drivers/Source/timer.o
                0x0040342c                timer_capture_mode_config
 .text.usart_mode_config
                0x00403488       0xa8 Drivers/Source/usart.o
                0x00403488                usart_mode_config
 .text.usart_interrupt_enable
                0x00403530       0x24 Drivers/Source/usart.o
                0x00403530                usart_interrupt_enable
 .text.usart_write
                0x00403554        0xc Drivers/Source/usart.o
                0x00403554                usart_write
 .text.usart_read
                0x00403560        0x8 Drivers/Source/usart.o
                0x00403560                usart_read
 .text.usbhs_global_unfreeze_clock
                0x00403568       0x30 Drivers/Source/usbhs.o
                0x00403568                usbhs_global_unfreeze_clock
 .text.usbhs_global_send_vbus_request
                0x00403598       0x2c Drivers/Source/usbhs.o
                0x00403598                usbhs_global_send_vbus_request
 .text.usbhs_global_clock_usable
                0x004035c4       0x10 Drivers/Source/usbhs.o
                0x004035c4                usbhs_global_clock_usable
 .text.usbhs_host_send_reset
                0x004035d4       0x30 Drivers/Source/usbhs.o
                0x004035d4                usbhs_host_send_reset
 .text.usbhs_host_get_interrupt_status_register
                0x00403604        0xc Drivers/Source/usbhs.o
                0x00403604                usbhs_host_get_interrupt_status_register
 .text.usbhs_host_get_interrupt_mask
                0x00403610        0xc Drivers/Source/usbhs.o
                0x00403610                usbhs_host_get_interrupt_mask
 .text.usbhs_host_interrupt_clear
                0x0040361c       0x28 Drivers/Source/usbhs.o
                0x0040361c                usbhs_host_interrupt_clear
 .text.usbhs_host_interrupt_disable
                0x00403644       0x28 Drivers/Source/usbhs.o
                0x00403644                usbhs_host_interrupt_disable
 .text.usbhs_host_interrupt_enable
                0x0040366c       0x28 Drivers/Source/usbhs.o
                0x0040366c                usbhs_host_interrupt_enable
 .text.watchdog_disable
                0x00403694       0x2c Drivers/Source/watchdog.o
                0x00403694                watchdog_disable
 .text.get_fileinfo
                0x004036c0      0x2d4 File system/Source/file_system_fat.o
 .text.unlikely.dir_clear
                0x00403994       0x9c File system/Source/file_system_fat.o
 .text.move_window
                0x00403a30       0x6c File system/Source/file_system_fat.o
 .text.sync_fs  0x00403a9c       0xf4 File system/Source/file_system_fat.o
 .text.check_fs
                0x00403b90       0xa8 File system/Source/file_system_fat.o
 .text.mount_volume
                0x00403c38      0x3b4 File system/Source/file_system_fat.o
 .text.put_fat.part.8
                0x00403fec      0x2b8 File system/Source/file_system_fat.o
 .text.remove_chain
                0x004042a4      0x2ac File system/Source/file_system_fat.o
 .text.get_fat.isra.9
                0x00404550      0x224 File system/Source/file_system_fat.o
 .text.create_chain
                0x00404774      0x3b8 File system/Source/file_system_fat.o
 .text.dir_next
                0x00404b2c       0xe0 File system/Source/file_system_fat.o
 .text.dir_read
                0x00404c0c      0x4ec File system/Source/file_system_fat.o
 .text.dir_sdi  0x004050f8      0x2d8 File system/Source/file_system_fat.o
 .text.dir_find
                0x004053d0      0x374 File system/Source/file_system_fat.o
 .text.follow_path
                0x00405744      0x450 File system/Source/file_system_fat.o
 .text.dir_register
                0x00405b94      0xadc File system/Source/file_system_fat.o
 .text.file_mount
                0x00406670       0x68 File system/Source/file_system_fat.o
                0x00406670                file_mount
 .text.file_open
                0x004066d8      0x250 File system/Source/file_system_fat.o
                0x004066d8                file_open
 .text.file_read
                0x00406928      0x394 File system/Source/file_system_fat.o
                0x00406928                file_read
 .text.file_close
                0x00406cbc      0x150 File system/Source/file_system_fat.o
                0x00406cbc                file_close
 .text.file_opendir
                0x00406e0c      0x40c File system/Source/file_system_fat.o
                0x00406e0c                file_opendir
 .text.file_readdir
                0x00407218       0xec File system/Source/file_system_fat.o
                0x00407218                file_readdir
 .text.file_unlink
                0x00407304      0x574 File system/Source/file_system_fat.o
                0x00407304                file_unlink
 .text.disk_status
                0x00407878       0x24 File system/Source/file_system_io.o
                0x00407878                disk_status
 .text.disk_initialize
                0x0040789c       0x28 File system/Source/file_system_io.o
                0x0040789c                disk_initialize
 .text.disk_read
                0x004078c4       0x24 File system/Source/file_system_io.o
                0x004078c4                disk_read
 .text.disk_write
                0x004078e8       0x24 File system/Source/file_system_io.o
                0x004078e8                disk_write
 .text.disk_ioctl
                0x0040790c       0x30 File system/Source/file_system_io.o
                0x0040790c                disk_ioctl
 .text.ff_uni2oem
                0x0040793c       0x44 File system/Source/file_system_unicode.o
                0x0040793c                ff_uni2oem
 .text.ff_oem2uni
                0x00407980       0x28 File system/Source/file_system_unicode.o
                0x00407980                ff_oem2uni
 .text.ff_wtoupper
                0x004079a8       0x9c File system/Source/file_system_unicode.o
                0x004079a8                ff_wtoupper
 *fill*         0x00407a44        0xc 
 .text          0x00407a50       0x6c Kernel/Assembly/kernel_context.o
                0x00407a50                PendSV_Handler
                0x00407a7c                scheduler_start
 .text          0x00407abc       0x14 Kernel/Assembly/kernel_service_handler.o
                0x00407abc                SVCall_Handler
 .text.delete_handler
                0x00407ad0       0x10 Kernel/Source/dynamic_loader.o
                0x00407ad0                delete_handler
 .text.dynamic_loader_run
                0x00407ae0       0x90 Kernel/Source/dynamic_loader.o
                0x00407ae0                dynamic_loader_run
 .text.USART0_Handler
                0x00407b70      0x160 Kernel/Source/dynamic_loader.o
                0x00407b70                USART0_Handler
 .text.MemoryManagement_Handler
                0x00407cd0       0x64 Kernel/Source/fault.o
                0x00407cd0                MemoryManagement_Handler
 .text.BusFault_Handler
                0x00407d34       0x70 Kernel/Source/fault.o
                0x00407d34                BusFault_Handler
 .text.UsageFault_Handler
                0x00407da4       0x68 Kernel/Source/fault.o
                0x00407da4                UsageFault_Handler
 .text.HardFault_Handler
                0x00407e0c       0x40 Kernel/Source/fault.o
                0x00407e0c                HardFault_Handler
 .text.kernel_startup
                0x00407e4c      0x164 Kernel/Source/kernel.o
                0x00407e4c                kernel_startup
 .text.list_insert_first
                0x00407fb0       0x60 Kernel/Source/list.o
                0x00407fb0                list_insert_first
 .text.list_insert_last
                0x00408010       0x60 Kernel/Source/list.o
                0x00408010                list_insert_last
 .text.list_insert_delay
                0x00408070      0x130 Kernel/Source/list.o
                0x00408070                list_insert_delay
 .text.list_remove_first
                0x004081a0       0x60 Kernel/Source/list.o
                0x004081a0                list_remove_first
 .text.list_remove_last
                0x00408200       0x38 Kernel/Source/list.o
                0x00408200                list_remove_last
 .text.list_remove_item
                0x00408238       0xa8 Kernel/Source/list.o
                0x00408238                list_remove_item
 .text.kernel_launch
                0x004082e0       0xa8 Kernel/Source/scheduler.o
                0x004082e0                kernel_launch
 .text.reschedule
                0x00408388       0x4c Kernel/Source/scheduler.o
                0x00408388                reschedule
 .text.thread_delay
                0x004083d4       0x7c Kernel/Source/scheduler.o
                0x004083d4                thread_delay
 .text.round_robin_scheduler
                0x00408450      0x1e8 Kernel/Source/scheduler.o
                0x00408450                round_robin_scheduler
 .text.SysTick_Handler
                0x00408638       0xe8 Kernel/Source/scheduler.o
                0x00408638                SysTick_Handler
 .text.scheduler_current_thread_to_queue
                0x00408720        0xc Kernel/Source/scheduler.o
                0x00408720                scheduler_current_thread_to_queue
 .text.suspend_scheduler
                0x0040872c        0xc Kernel/Source/scheduler.o
                0x0040872c                suspend_scheduler
 .text.resume_scheduler
                0x00408738        0xc Kernel/Source/scheduler.o
                0x00408738                resume_scheduler
 .text.scheduler_set_dynamic_loader_handler
                0x00408744        0xc Kernel/Source/scheduler.o
                0x00408744                scheduler_set_dynamic_loader_handler
 .text.print_runtime_statistics
                0x00408750      0x1e4 Kernel/Source/scheduler.o
                0x00408750                print_runtime_statistics
 .text.syscall_sleep
                0x00408934        0x4 Kernel/Source/syscall.o
                0x00408934                syscall_sleep
 .text.kernel_service_handler
                0x00408938       0x24 Kernel/Source/syscall.o
                0x00408938                kernel_service_handler
 .text.round_robin_idle_thread
                0x0040895c        0x4 Kernel/Source/thread.o
 .text.kernel_delete_thread
                0x00408960       0x24 Kernel/Source/thread.o
 .text.thread_new
                0x00408984      0x138 Kernel/Source/thread.o
                0x00408984                thread_new
 .text.thread_config
                0x00408abc       0x2c Kernel/Source/thread.o
                0x00408abc                thread_config
 .text.dynamic_memory_insert_block
                0x00408ae8       0x8c Memory/Source/dynamic_memory.o
 .text.dynamic_memory_config
                0x00408b74       0x88 Memory/Source/dynamic_memory.o
                0x00408b74                dynamic_memory_config
 .text.dynamic_memory_new
                0x00408bfc       0xec Memory/Source/dynamic_memory.o
                0x00408bfc                dynamic_memory_new
 .text.dynamic_memory_free
                0x00408ce8       0xc4 Memory/Source/dynamic_memory.o
                0x00408ce8                dynamic_memory_free
 .text.dynamic_memory_get_total_size
                0x00408dac       0x10 Memory/Source/dynamic_memory.o
                0x00408dac                dynamic_memory_get_total_size
 .text.dynamic_memory_get_used_size
                0x00408dbc       0x14 Memory/Source/dynamic_memory.o
                0x00408dbc                dynamic_memory_get_used_size
 .text.sd_protocol_send_cmd_2
                0x00408dd0       0xc4 SD/Source/sd_protocol.o
                0x00408dd0                sd_protocol_send_cmd_2
 .text.sd_protocol_send_cmd_7
                0x00408e94       0x34 SD/Source/sd_protocol.o
                0x00408e94                sd_protocol_send_cmd_7
 .text.sd_protocol_send_acmd_6
                0x00408ec8       0xb0 SD/Source/sd_protocol.o
                0x00408ec8                sd_protocol_send_acmd_6
 .text.sd_protocol_send_acmd_51
                0x00408f78       0x90 SD/Source/sd_protocol.o
                0x00408f78                sd_protocol_send_acmd_51
 .text.sd_protocol_send_cmd_6
                0x00409008      0x12c SD/Source/sd_protocol.o
                0x00409008                sd_protocol_send_cmd_6
 .text.sd_protocol_csd_decode_version_2_0
                0x00409134       0xd0 SD/Source/sd_protocol.o
                0x00409134                sd_protocol_csd_decode_version_2_0
 .text.sd_protocol_send_cmd_9
                0x00409204      0x1e8 SD/Source/sd_protocol.o
                0x00409204                sd_protocol_send_cmd_9
 .text.sd_protocol_initialize
                0x004093ec      0x288 SD/Source/sd_protocol.o
                0x004093ec                sd_protocol_initialize
 .text.sd_protocol_read
                0x00409674      0x15c SD/Source/sd_protocol.o
                0x00409674                sd_protocol_read
 .text.sd_protocol_write
                0x004097d0      0x118 SD/Source/sd_protocol.o
                0x004097d0                sd_protocol_write
 .text.Dummy_Handler
                0x004098e8        0x4 System startup/startup.o
                0x004098e8                DACC_Handler
                0x004098e8                UART3_Handler
                0x004098e8                UART2_Handler
                0x004098e8                TRNG_Handler
                0x004098e8                TC2_Handler
                0x004098e8                AFEC1_Handler
                0x004098e8                TC7_Handler
                0x004098e8                QSPI_Handler
                0x004098e8                NonMaskableInt_Handler
                0x004098e8                ISI_Handler
                0x004098e8                MCAN0_INT0_Handler
                0x004098e8                TC9_Handler
                0x004098e8                RSWDT_Handler
                0x004098e8                RTT_Handler
                0x004098e8                IXC_Handler
                0x004098e8                CCF_Handler
                0x004098e8                PIOB_Handler
                0x004098e8                RTC_Handler
                0x004098e8                TC6_Handler
                0x004098e8                WDT_Handler
                0x004098e8                MCAN1_INT1_Handler
                0x004098e8                TC4_Handler
                0x004098e8                HSMCI_Handler
                0x004098e8                UART1_Handler
                0x004098e8                TC3_Handler
                0x004098e8                Dummy_Handler
                0x004098e8                TWIHS1_Handler
                0x004098e8                UART4_Handler
                0x004098e8                PWM1_Handler
                0x004098e8                PWM0_Handler
                0x004098e8                AFEC0_Handler
                0x004098e8                CCW_Handler
                0x004098e8                SSC_Handler
                0x004098e8                TC11_Handler
                0x004098e8                ACC_Handler
                0x004098e8                PMC_Handler
                0x004098e8                GMAC_Handler
                0x004098e8                MCAN0_INT1_Handler
                0x004098e8                GMAC_Q5_Handler
                0x004098e8                SUPC_Handler
                0x004098e8                TC8_Handler
                0x004098e8                MCAN1_INT0_Handler
                0x004098e8                EFC_Handler
                0x004098e8                GMAC_Q1_Handler
                0x004098e8                USART2_Handler
                0x004098e8                SDRAMC_Handler
                0x004098e8                GMAC_Q2_Handler
                0x004098e8                PIOE_Handler
                0x004098e8                SPI1_Handler
                0x004098e8                TC10_Handler
                0x004098e8                GMAC_Q3_Handler
                0x004098e8                PIOD_Handler
                0x004098e8                TWIHS2_Handler
                0x004098e8                I2SC0_Handler
                0x004098e8                UART0_Handler
                0x004098e8                I2SC1_Handler
                0x004098e8                PIOC_Handler
                0x004098e8                GMAC_Q4_Handler
                0x004098e8                FPU_Handler
                0x004098e8                RSTC_Handler
                0x004098e8                DebugMonitor_Handler
                0x004098e8                TC5_Handler
                0x004098e8                ICM_Handler
                0x004098e8                AES_Handler
                0x004098e8                TWIHS0_Handler
                0x004098e8                SPI0_Handler
 .text.Reset_Handler
                0x004098ec       0x78 System startup/startup.o
                0x004098ec                Reset_Handler
 .text.runtime_stats
                0x00409964       0x18 main.o
                0x00409964                runtime_stats
 .text.welcome_thread
                0x0040997c       0x10 main.o
                0x0040997c                welcome_thread
 .text.startup.main
                0x0040998c       0x5c main.o
                0x0040998c                main
 .text.usb_host_root_hub_handler
                0x004099e8       0xe0 USB/Source/usb_host_core.o
                0x004099e8                usb_host_root_hub_handler
 .text.USBHS_Handler
                0x00409ac8       0x94 USB/Source/usb_host_core.o
                0x00409ac8                USBHS_Handler
 .text          0x00409b5c      0x370 c:/program files (x86)/atmel/studio/7.0/toolchain/arm/arm-gnu-toolchain/bin/../lib/gcc/arm-none-eabi/6.3.1/thumb/v7e-m\libgcc.a(_arm_addsubdf3.o)
                0x00409b5c                __aeabi_drsub
                0x00409b64                __aeabi_dsub
                0x00409b64                __subdf3
                0x00409b68                __aeabi_dadd
                0x00409b68                __adddf3
                0x00409de0                __floatunsidf
                0x00409de0                __aeabi_ui2d
                0x00409e00                __floatsidf
                0x00409e00                __aeabi_i2d
                0x00409e24                __aeabi_f2d
                0x00409e24                __extendsfdf2
                0x00409e60                __floatundidf
                0x00409e60                __aeabi_ul2d
                0x00409e70                __floatdidf
                0x00409e70                __aeabi_l2d
 .text          0x00409ecc      0x424 c:/program files (x86)/atmel/studio/7.0/toolchain/arm/arm-gnu-toolchain/bin/../lib/gcc/arm-none-eabi/6.3.1/thumb/v7e-m\libgcc.a(_arm_muldivdf3.o)
                0x00409ecc                __aeabi_dmul
                0x00409ecc                __muldf3
                0x0040a120                __divdf3
                0x0040a120                __aeabi_ddiv
 .text          0x0040a2f0       0xa0 c:/program files (x86)/atmel/studio/7.0/toolchain/arm/arm-gnu-toolchain/bin/../lib/gcc/arm-none-eabi/6.3.1/thumb/v7e-m\libgcc.a(_arm_truncdfsf2.o)
                0x0040a2f0                __truncdfsf2
                0x0040a2f0                __aeabi_d2f
 .text          0x0040a390       0x40 c:/program files (x86)/atmel/studio/7.0/toolchain/arm/arm-gnu-toolchain/bin/../lib/gcc/arm-none-eabi/6.3.1/thumb/v7e-m\libgcc.a(_arm_fixunssfsi.o)
                0x0040a390                __fixunssfsi
                0x0040a390                __aeabi_f2uiz
 .text.__libc_init_array
                0x0040a3d0       0x50 c:/program files (x86)/atmel/studio/7.0/toolchain/arm/arm-gnu-toolchain/bin/../lib/gcc/arm-none-eabi/6.3.1/../../../../arm-none-eabi/lib/thumb/v7e-m\libc.a(lib_a-init.o)
                0x0040a3d0                __libc_init_array
 .text          0x0040a420      0x134 c:/program files (x86)/atmel/studio/7.0/toolchain/arm/arm-gnu-toolchain/bin/../lib/gcc/arm-none-eabi/6.3.1/../../../../arm-none-eabi/lib/thumb/v7e-m\libc.a(lib_a-memcpy.o)
                0x0040a420                memcpy
 .text.memset   0x0040a554       0x9c c:/program files (x86)/atmel/studio/7.0/toolchain/arm/arm-gnu-toolchain/bin/../lib/gcc/arm-none-eabi/6.3.1/../../../../arm-none-eabi/lib/thumb/v7e-m\libc.a(lib_a-memset.o)
                0x0040a554                memset
 .text.stpcpy   0x0040a5f0       0x5c c:/program files (x86)/atmel/studio/7.0/toolchain/arm/arm-gnu-toolchain/bin/../lib/gcc/arm-none-eabi/6.3.1/../../../../arm-none-eabi/lib/thumb/v7e-m\libc.a(lib_a-stpcpy.o)
                0x0040a5f0                stpcpy
 .text.strcat   0x0040a64c       0x40 c:/program files (x86)/atmel/studio/7.0/toolchain/arm/arm-gnu-toolchain/bin/../lib/gcc/arm-none-eabi/6.3.1/../../../../arm-none-eabi/lib/thumb/v7e-m\libc.a(lib_a-strcat.o)
                0x0040a64c                strcat
 *fill*         0x0040a68c       0x14 
 .text          0x0040a6a0      0x2dc c:/program files (x86)/atmel/studio/7.0/toolchain/arm/arm-gnu-toolchain/bin/../lib/gcc/arm-none-eabi/6.3.1/../../../../arm-none-eabi/lib/thumb/v7e-m\libc.a(lib_a-strcmp.o)
                0x0040a6a8                strcmp
 .text.strcpy   0x0040a97c       0xbc c:/program files (x86)/atmel/studio/7.0/toolchain/arm/arm-gnu-toolchain/bin/../lib/gcc/arm-none-eabi/6.3.1/../../../../arm-none-eabi/lib/thumb/v7e-m\libc.a(lib_a-strcpy.o)
                0x0040a97c                strcpy
 *fill*         0x0040aa38        0x8 
 .text          0x0040aa40       0xdc c:/program files (x86)/atmel/studio/7.0/toolchain/arm/arm-gnu-toolchain/bin/../lib/gcc/arm-none-eabi/6.3.1/../../../../arm-none-eabi/lib/thumb/v7e-m\libc.a(lib_a-strlen.o)
                0x0040aa40                strlen
 .text.strncmp  0x0040ab1c       0xa4 c:/program files (x86)/atmel/studio/7.0/toolchain/arm/arm-gnu-toolchain/bin/../lib/gcc/arm-none-eabi/6.3.1/../../../../arm-none-eabi/lib/thumb/v7e-m\libc.a(lib_a-strncmp.o)
                0x0040ab1c                strncmp
 .text.strncpy  0x0040abc0       0x64 c:/program files (x86)/atmel/studio/7.0/toolchain/arm/arm-gnu-toolchain/bin/../lib/gcc/arm-none-eabi/6.3.1/../../../../arm-none-eabi/lib/thumb/v7e-m\libc.a(lib_a-strncpy.o)
                0x0040abc0                strncpy
 .text.startup.register_fini
                0x0040ac24       0x14 c:/program files (x86)/atmel/studio/7.0/toolchain/arm/arm-gnu-toolchain/bin/../lib/gcc/arm-none-eabi/6.3.1/../../../../arm-none-eabi/lib/thumb/v7e-m\libc.a(lib_a-__call_atexit.o)
 .text.atexit   0x0040ac38        0xc c:/program files (x86)/atmel/studio/7.0/toolchain/arm/arm-gnu-toolchain/bin/../lib/gcc/arm-none-eabi/6.3.1/../../../../arm-none-eabi/lib/thumb/v7e-m\libc.a(lib_a-atexit.o)
                0x0040ac38                atexit
 .text.__libc_fini_array
                0x0040ac44       0x34 c:/program files (x86)/atmel/studio/7.0/toolchain/arm/arm-gnu-toolchain/bin/../lib/gcc/arm-none-eabi/6.3.1/../../../../arm-none-eabi/lib/thumb/v7e-m\libc.a(lib_a-fini.o)
                0x0040ac44                __libc_fini_array
 .text.__retarget_lock_acquire_recursive
                0x0040ac78        0x4 c:/program files (x86)/atmel/studio/7.0/toolchain/arm/arm-gnu-toolchain/bin/../lib/gcc/arm-none-eabi/6.3.1/../../../../arm-none-eabi/lib/thumb/v7e-m\libc.a(lib_a-lock.o)
                0x0040ac78                __retarget_lock_acquire_recursive
 .text.__retarget_lock_release_recursive
                0x0040ac7c        0x4 c:/program files (x86)/atmel/studio/7.0/toolchain/arm/arm-gnu-toolchain/bin/../lib/gcc/arm-none-eabi/6.3.1/../../../../arm-none-eabi/lib/thumb/v7e-m\libc.a(lib_a-lock.o)
                0x0040ac7c                __retarget_lock_release_recursive
 .text.__register_exitproc
                0x0040ac80       0xc4 c:/program files (x86)/atmel/studio/7.0/toolchain/arm/arm-gnu-toolchain/bin/../lib/gcc/arm-none-eabi/6.3.1/../../../../arm-none-eabi/lib/thumb/v7e-m\libc.a(lib_a-__atexit.o)
                0x0040ac80                __register_exitproc
 *(.glue_7t)
 .glue_7t       0x0040ad44        0x0 linker stubs
 *(.glue_7)
 .glue_7        0x0040ad44        0x0 linker stubs
 *(.rodata .rodata* .gnu.linkonce.r.*)
 .rodata        0x0040ad44       0x28 Board packages/Source/board_serial.o
 .rodata.str1.4
                0x0040ad6c        0xd Board packages/Source/board_serial.o
 *fill*         0x0040ad79        0x3 
 .rodata        0x0040ad7c       0x28 Board packages/Source/board_serial_programming.o
 .rodata.str1.4
                0x0040ada4        0x6 Board packages/Source/board_serial_programming.o
 *fill*         0x0040adaa        0x2 
 .rodata.str1.4
                0x0040adac       0xc3 Command line interface/Source/command_line_interface.o
                                 0xcb (size before relaxing)
 *fill*         0x0040ae6f        0x1 
 .rodata.str1.4
                0x0040ae70       0x21 Drivers/Source/check.o
 *fill*         0x0040ae91        0x3 
 .rodata.str1.4
                0x0040ae94       0x6a Drivers/Source/dma.o
 *fill*         0x0040aefe        0x2 
 .rodata.str1.4
                0x0040af00       0x51 Drivers/Source/hsmci.o
 *fill*         0x0040af51        0x3 
 .rodata        0x0040af54       0xb4 File system/Source/file_system_fat.o
 .rodata.str1.4
                0x0040b008       0x48 File system/Source/file_system_fat.o
 .rodata        0x0040b050      0x3ae File system/Source/file_system_unicode.o
 *fill*         0x0040b3fe        0x2 
 .rodata.str1.4
                0x0040b400       0x2d Kernel/Source/dynamic_loader.o
 *fill*         0x0040b42d        0x3 
 .rodata.str1.4
                0x0040b430      0x198 Kernel/Source/fault.o
 .rodata.str1.4
                0x0040b5c8       0x18 Kernel/Source/list.o
 .rodata.str1.4
                0x0040b5e0       0x96 Kernel/Source/scheduler.o
                                 0xa6 (size before relaxing)
 *fill*         0x0040b676        0x2 
 .rodata.str1.4
                0x0040b678       0x21 Kernel/Source/thread.o
 *fill*         0x0040b699        0x3 
 .rodata.str1.4
                0x0040b69c       0x22 Memory/Source/dynamic_memory.o
 *fill*         0x0040b6be        0x2 
 .rodata.str1.4
                0x0040b6c0      0x477 SD/Source/sd_protocol.o
                                0x47f (size before relaxing)
 *fill*         0x0040bb37        0x1 
 .rodata.str1.4
                0x0040bb38       0x38 main.o
 .rodata.str1.4
                0x0040bb70      0x180 USB/Source/usb_host_core.o
                                0x17f (size before relaxing)
 .rodata._global_impure_ptr
                0x0040bcf0        0x4 c:/program files (x86)/atmel/studio/7.0/toolchain/arm/arm-gnu-toolchain/bin/../lib/gcc/arm-none-eabi/6.3.1/../../../../arm-none-eabi/lib/thumb/v7e-m\libc.a(lib_a-impure.o)
                0x0040bcf0                _global_impure_ptr
 *(.ARM.extab* .gnu.linkonce.armextab.*)
                0x0040bcf4                . = ALIGN (0x4)
 *(.init)
 .init          0x0040bcf4        0x4 c:/program files (x86)/atmel/studio/7.0/toolchain/arm/arm-gnu-toolchain/bin/../lib/gcc/arm-none-eabi/6.3.1/thumb/v7e-m/crti.o
                0x0040bcf4                _init
 .init          0x0040bcf8        0x8 c:/program files (x86)/atmel/studio/7.0/toolchain/arm/arm-gnu-toolchain/bin/../lib/gcc/arm-none-eabi/6.3.1/thumb/v7e-m/crtn.o
                0x0040bd00                . = ALIGN (0x4)
                0x0040bd00                __preinit_array_start = .
 *(.preinit_array)
                0x0040bd00                __preinit_array_end = .
                0x0040bd00                . = ALIGN (0x4)
                0x0040bd00                __init_array_start = .
 *(SORT(.init_array.*))
 .init_array.00000
                0x0040bd00        0x4 c:/program files (x86)/atmel/studio/7.0/toolchain/arm/arm-gnu-toolchain/bin/../lib/gcc/arm-none-eabi/6.3.1/../../../../arm-none-eabi/lib/thumb/v7e-m\libc.a(lib_a-__call_atexit.o)
 *(.init_array)
 .init_array    0x0040bd04        0x4 c:/program files (x86)/atmel/studio/7.0/toolchain/arm/arm-gnu-toolchain/bin/../lib/gcc/arm-none-eabi/6.3.1/thumb/v7e-m/crtbegin.o
                0x0040bd08                __init_array_end = .
                0x0040bd08                . = ALIGN (0x4)
 *crtbegin.o(.ctors)
 *(EXCLUDE_FILE(*crtend.o) .ctors)
 *(SORT(.ctors.*))
 *crtend.o(.ctors)
                0x0040bd08                . = ALIGN (0x4)
 *(.fini)
 .fini          0x0040bd08        0x4 c:/program files (x86)/atmel/studio/7.0/toolchain/arm/arm-gnu-toolchain/bin/../lib/gcc/arm-none-eabi/6.3.1/thumb/v7e-m/crti.o
                0x0040bd08                _fini
 .fini          0x0040bd0c        0x8 c:/program files (x86)/atmel/studio/7.0/toolchain/arm/arm-gnu-toolchain/bin/../lib/gcc/arm-none-eabi/6.3.1/thumb/v7e-m/crtn.o
                0x0040bd14                . = ALIGN (0x4)
                0x0040bd14                __fini_array_start = .
 *(.fini_array)
 .fini_array    0x0040bd14        0x4 c:/program files (x86)/atmel/studio/7.0/toolchain/arm/arm-gnu-toolchain/bin/../lib/gcc/arm-none-eabi/6.3.1/thumb/v7e-m/crtbegin.o
 *(SORT(.fini_array.*))
                0x0040bd18                __fini_array_end = .
 *crtbegin.o(.dtors)
 *(EXCLUDE_FILE(*crtend.o) .dtors)
 *(SORT(.dtors.*))
 *crtend.o(.dtors)
                0x0040bd18                . = ALIGN (0x4)
                0x0040bd18                _efixed = .
                [!provide]                PROVIDE (__exidx_start, .)

.vfp11_veneer   0x0040bd18        0x0
 .vfp11_veneer  0x0040bd18        0x0 linker stubs

.v4_bx          0x0040bd18        0x0
 .v4_bx         0x0040bd18        0x0 linker stubs

.iplt           0x0040bd18        0x0
 .iplt          0x0040bd18        0x0 c:/program files (x86)/atmel/studio/7.0/toolchain/arm/arm-gnu-toolchain/bin/../lib/gcc/arm-none-eabi/6.3.1/thumb/v7e-m/crtbegin.o

.eh_frame       0x0040bd18        0x0
 .eh_frame      0x0040bd18        0x0 c:/program files (x86)/atmel/studio/7.0/toolchain/arm/arm-gnu-toolchain/bin/../lib/gcc/arm-none-eabi/6.3.1/thumb/v7e-m/crtbegin.o

.rel.dyn        0x0040bd18        0x0
 .rel.iplt      0x0040bd18        0x0 c:/program files (x86)/atmel/studio/7.0/toolchain/arm/arm-gnu-toolchain/bin/../lib/gcc/arm-none-eabi/6.3.1/thumb/v7e-m/crtbegin.o

.jcr            0x0040bd18        0x0
 .jcr           0x0040bd18        0x0 c:/program files (x86)/atmel/studio/7.0/toolchain/arm/arm-gnu-toolchain/bin/../lib/gcc/arm-none-eabi/6.3.1/thumb/v7e-m/crtbegin.o

.igot.plt       0x0040bd18        0x0
 .igot.plt      0x0040bd18        0x0 c:/program files (x86)/atmel/studio/7.0/toolchain/arm/arm-gnu-toolchain/bin/../lib/gcc/arm-none-eabi/6.3.1/thumb/v7e-m/crtbegin.o

.ARM.exidx
 *(.ARM.exidx* .gnu.linkonce.armexidx.*)
                [!provide]                PROVIDE (__exidx_end, .)
                0x0040bd18                . = ALIGN (0x4)
                0x0040bd18                _etext = .

.relocate       0x20400000      0x51c load address 0x0040bd18
                0x20400000                . = ALIGN (0x4)
                0x20400000                _srelocate = .
 *(.ramfunc .ramfunc.*)
 *(.data .data.*)
 .data          0x20400000        0x4 Drivers/Source/check.o
                0x20400000                check_print_handler
 .data          0x20400004       0xe8 Memory/Source/dynamic_memory.o
                0x20400004                dynamic_memory_sections
                0x20400014                dynamic_section_dram_bank_1
                0x2040005c                dynamic_section_dram_bank_0
                0x204000a4                dynamic_section_sram
 *fill*         0x204000ec        0x4 
 .data.impure_data
                0x204000f0      0x428 c:/program files (x86)/atmel/studio/7.0/toolchain/arm/arm-gnu-toolchain/bin/../lib/gcc/arm-none-eabi/6.3.1/../../../../arm-none-eabi/lib/thumb/v7e-m\libc.a(lib_a-impure.o)
 .data.__atexit_recursive_mutex
                0x20400518        0x4 c:/program files (x86)/atmel/studio/7.0/toolchain/arm/arm-gnu-toolchain/bin/../lib/gcc/arm-none-eabi/6.3.1/../../../../arm-none-eabi/lib/thumb/v7e-m\libc.a(lib_a-__call_atexit.o)
                0x20400518                __atexit_recursive_mutex
                0x2040051c                . = ALIGN (0x4)
                0x2040051c                _erelocate = .

.bss            0x20400520     0x2364 load address 0x0040c238
                0x20400520                . = ALIGN (0x4)
                0x20400520                _sbss = .
                0x20400520                _szero = .
 *(.bss .bss.*)
 .bss           0x20400520       0x1c c:/program files (x86)/atmel/studio/7.0/toolchain/arm/arm-gnu-toolchain/bin/../lib/gcc/arm-none-eabi/6.3.1/thumb/v7e-m/crtbegin.o
 .bss           0x2040053c      0xa10 Board packages/Source/board_serial.o
 .bss           0x20400f4c      0x910 Board packages/Source/board_serial_programming.o
 .bss           0x2040185c      0x966 Command line interface/Source/command_line_interface.o
 *fill*         0x204021c2        0x2 
 .bss           0x204021c4       0x28 Drivers/Source/dma.o
 .bss           0x204021ec      0x208 File system/Source/file_system_fat.o
 *(COMMON)
 COMMON         0x204023f4      0x380 Command line interface/Source/command_line_interface.o
                0x204023f4                directory
                0x20402424                cortex_file_system
                0x20402658                file_info
                0x20402770                file_thread
 COMMON         0x20402774       0x50 File system/Source/file_system_io.o
                0x20402774                card
 COMMON         0x204027c4       0x14 Kernel/Source/dynamic_loader.o
                0x204027c4                program_buffer
                0x204027c8                program_index
                0x204027cc                fast_programming_state
                0x204027cd                program_size_index
                0x204027d0                program_size_total
                0x204027d4                program_size
 COMMON         0x204027d8       0x88 Kernel/Source/scheduler.o
                0x204027d8                suspended_list
                0x204027e4                reschedule_pending
                0x204027e8                current_thread
                0x204027ec                serial_queue
                0x204027f8                reschedule_runtime
                0x20402800                kernel_statistics_timer
                0x20402808                thread_list
                0x20402814                delay_queue
                0x20402820                idle_thread
                0x20402824                systick_divider
                0x20402828                scheduler_status
                0x20402830                kernel_tick
                0x20402838                next_thread
                0x2040283c                fast_program_interface_delete
                0x20402840                kernel_runtime_tick
                0x20402848                running_queue
                0x20402858                kernel_tick_to_wake
 COMMON         0x20402860       0x21 c:/program files (x86)/atmel/studio/7.0/toolchain/arm/arm-gnu-toolchain/bin/../lib/gcc/arm-none-eabi/6.3.1/../../../../arm-none-eabi/lib/thumb/v7e-m\libc.a(lib_a-lock.o)
                0x20402860                __lock___atexit_recursive_mutex
                0x20402864                __lock___arc4random_mutex
                0x20402868                __lock___env_recursive_mutex
                0x2040286c                __lock___sinit_recursive_mutex
                0x20402870                __lock___malloc_recursive_mutex
                0x20402874                __lock___at_quick_exit_mutex
                0x20402878                __lock___dd_hash_mutex
                0x2040287c                __lock___tz_mutex
                0x20402880                __lock___sfp_recursive_mutex
                0x20402884                . = ALIGN (0x4)
 *fill*         0x20402881        0x3 
                0x20402884                _ebss = .
                0x20402884                _ezero = .

.heap           0x20402884    0x50004 load address 0x0040e59c
                0x20402888                . = ALIGN (0x8)
 *fill*         0x20402884        0x4 
                0x20402888                _sheap = .
                0x20452888                . = (. + HEAP_SIZE)
 *fill*         0x20402888    0x50000 
                0x20452888                . = ALIGN (0x8)
                0x20452888                _eheap = .

.stack          0x20452888      0x400 load address 0x0045e5a0
                0x20452888                . = ALIGN (0x8)
                0x20452888                _sstack = .
                0x20452c88                . = (. + STACK_SIZE)
 *fill*         0x20452888      0x400 
                0x20452c88                . = ALIGN (0x8)
                0x20452c88                _estack = .
                0x20452c88                . = ALIGN (0x4)
                0x20452c88                _end = .
                0x2045ffff                _ram_end_ = ((ORIGIN (ram) + LENGTH (ram)) - 0x1)
OUTPUT(BlackOS.elf elf32-littlearm)

.ARM.attributes
                0x00000000       0x2a
 .ARM.attributes
                0x00000000       0x1e c:/program files (x86)/atmel/studio/7.0/toolchain/arm/arm-gnu-toolchain/bin/../lib/gcc/arm-none-eabi/6.3.1/thumb/v7e-m/crti.o
 .ARM.attributes
                0x0000001e       0x2e c:/program files (x86)/atmel/studio/7.0/toolchain/arm/arm-gnu-toolchain/bin/../lib/gcc/arm-none-eabi/6.3.1/thumb/v7e-m/crtbegin.o
 .ARM.attributes
                0x0000004c       0x33 Board packages/Source/board_button.o
 .ARM.attributes
                0x0000007f       0x33 Board packages/Source/board_led.o
 .ARM.attributes
                0x000000b2       0x33 Board packages/Source/board_sd_card.o
 .ARM.attributes
                0x000000e5       0x33 Board packages/Source/board_serial.o
 .ARM.attributes
                0x00000118       0x33 Board packages/Source/board_serial_programming.o
 .ARM.attributes
                0x0000014b       0x33 Command line interface/Source/command_line_interface.o
 .ARM.attributes
                0x0000017e       0x33 Drivers/Source/check.o
 .ARM.attributes
                0x000001b1       0x33 Drivers/Source/clock.o
 .ARM.attributes
                0x000001e4       0x33 Drivers/Source/core.o
 .ARM.attributes
                0x00000217       0x33 Drivers/Source/dma.o
 .ARM.attributes
                0x0000024a       0x33 Drivers/Source/dram.o
 .ARM.attributes
                0x0000027d       0x33 Drivers/Source/flash.o
 .ARM.attributes
                0x000002b0       0x33 Drivers/Source/gpio.o
 .ARM.attributes
                0x000002e3       0x33 Drivers/Source/hsmci.o
 .ARM.attributes
                0x00000316       0x33 Drivers/Source/interrupt.o
 .ARM.attributes
                0x00000349       0x33 Drivers/Source/matrix.o
 .ARM.attributes
                0x0000037c       0x33 Drivers/Source/systick.o
 .ARM.attributes
                0x000003af       0x33 Drivers/Source/timer.o
 .ARM.attributes
                0x000003e2       0x33 Drivers/Source/usart.o
 .ARM.attributes
                0x00000415       0x33 Drivers/Source/usbhs.o
 .ARM.attributes
                0x00000448       0x33 Drivers/Source/watchdog.o
 .ARM.attributes
                0x0000047b       0x33 File system/Source/file_system_fat.o
 .ARM.attributes
                0x000004ae       0x33 File system/Source/file_system_io.o
 .ARM.attributes
                0x000004e1       0x33 File system/Source/file_system_unicode.o
 .ARM.attributes
                0x00000514       0x21 Kernel/Assembly/kernel_context.o
 .ARM.attributes
                0x00000535       0x21 Kernel/Assembly/kernel_service_handler.o
 .ARM.attributes
                0x00000556       0x33 Kernel/Source/dynamic_loader.o
 .ARM.attributes
                0x00000589       0x33 Kernel/Source/fault.o
 .ARM.attributes
                0x000005bc       0x33 Kernel/Source/kernel.o
 .ARM.attributes
                0x000005ef       0x33 Kernel/Source/list.o
 .ARM.attributes
                0x00000622       0x33 Kernel/Source/scheduler.o
 .ARM.attributes
                0x00000655       0x33 Kernel/Source/syscall.o
 .ARM.attributes
                0x00000688       0x33 Kernel/Source/thread.o
 .ARM.attributes
                0x000006bb       0x33 Memory/Source/dynamic_memory.o
 .ARM.attributes
                0x000006ee       0x33 SD/Source/sd_protocol.o
 .ARM.attributes
                0x00000721       0x33 System startup/startup.o
 .ARM.attributes
                0x00000754       0x33 main.o
 .ARM.attributes
                0x00000787       0x33 USB/Source/usb_host_core.o
 .ARM.attributes
                0x000007ba       0x1e c:/program files (x86)/atmel/studio/7.0/toolchain/arm/arm-gnu-toolchain/bin/../lib/gcc/arm-none-eabi/6.3.1/thumb/v7e-m\libgcc.a(_arm_addsubdf3.o)
 .ARM.attributes
                0x000007d8       0x1e c:/program files (x86)/atmel/studio/7.0/toolchain/arm/arm-gnu-toolchain/bin/../lib/gcc/arm-none-eabi/6.3.1/thumb/v7e-m\libgcc.a(_arm_muldivdf3.o)
 .ARM.attributes
                0x000007f6       0x1e c:/program files (x86)/atmel/studio/7.0/toolchain/arm/arm-gnu-toolchain/bin/../lib/gcc/arm-none-eabi/6.3.1/thumb/v7e-m\libgcc.a(_arm_truncdfsf2.o)
 .ARM.attributes
                0x00000814       0x1e c:/program files (x86)/atmel/studio/7.0/toolchain/arm/arm-gnu-toolchain/bin/../lib/gcc/arm-none-eabi/6.3.1/thumb/v7e-m\libgcc.a(_arm_fixunssfsi.o)
 .ARM.attributes
                0x00000832       0x2e c:/program files (x86)/atmel/studio/7.0/toolchain/arm/arm-gnu-toolchain/bin/../lib/gcc/arm-none-eabi/6.3.1/../../../../arm-none-eabi/lib/thumb/v7e-m\libc.a(lib_a-impure.o)
 .ARM.attributes
                0x00000860       0x2e c:/program files (x86)/atmel/studio/7.0/toolchain/arm/arm-gnu-toolchain/bin/../lib/gcc/arm-none-eabi/6.3.1/../../../../arm-none-eabi/lib/thumb/v7e-m\libc.a(lib_a-init.o)
 .ARM.attributes
                0x0000088e       0x1c c:/program files (x86)/atmel/studio/7.0/toolchain/arm/arm-gnu-toolchain/bin/../lib/gcc/arm-none-eabi/6.3.1/../../../../arm-none-eabi/lib/thumb/v7e-m\libc.a(lib_a-memcpy.o)
 .ARM.attributes
                0x000008aa       0x2e c:/program files (x86)/atmel/studio/7.0/toolchain/arm/arm-gnu-toolchain/bin/../lib/gcc/arm-none-eabi/6.3.1/../../../../arm-none-eabi/lib/thumb/v7e-m\libc.a(lib_a-memset.o)
 .ARM.attributes
                0x000008d8       0x2e c:/program files (x86)/atmel/studio/7.0/toolchain/arm/arm-gnu-toolchain/bin/../lib/gcc/arm-none-eabi/6.3.1/../../../../arm-none-eabi/lib/thumb/v7e-m\libc.a(lib_a-stpcpy.o)
 .ARM.attributes
                0x00000906       0x2e c:/program files (x86)/atmel/studio/7.0/toolchain/arm/arm-gnu-toolchain/bin/../lib/gcc/arm-none-eabi/6.3.1/../../../../arm-none-eabi/lib/thumb/v7e-m\libc.a(lib_a-strcat.o)
 .ARM.attributes
                0x00000934       0x1c c:/program files (x86)/atmel/studio/7.0/toolchain/arm/arm-gnu-toolchain/bin/../lib/gcc/arm-none-eabi/6.3.1/../../../../arm-none-eabi/lib/thumb/v7e-m\libc.a(lib_a-strcmp.o)
 .ARM.attributes
                0x00000950       0x2e c:/program files (x86)/atmel/studio/7.0/toolchain/arm/arm-gnu-toolchain/bin/../lib/gcc/arm-none-eabi/6.3.1/../../../../arm-none-eabi/lib/thumb/v7e-m\libc.a(lib_a-strcpy.o)
 .ARM.attributes
                0x0000097e       0x1c c:/program files (x86)/atmel/studio/7.0/toolchain/arm/arm-gnu-toolchain/bin/../lib/gcc/arm-none-eabi/6.3.1/../../../../arm-none-eabi/lib/thumb/v7e-m\libc.a(lib_a-strlen.o)
 .ARM.attributes
                0x0000099a       0x2e c:/program files (x86)/atmel/studio/7.0/toolchain/arm/arm-gnu-toolchain/bin/../lib/gcc/arm-none-eabi/6.3.1/../../../../arm-none-eabi/lib/thumb/v7e-m\libc.a(lib_a-strncmp.o)
 .ARM.attributes
                0x000009c8       0x2e c:/program files (x86)/atmel/studio/7.0/toolchain/arm/arm-gnu-toolchain/bin/../lib/gcc/arm-none-eabi/6.3.1/../../../../arm-none-eabi/lib/thumb/v7e-m\libc.a(lib_a-strncpy.o)
 .ARM.attributes
                0x000009f6       0x2e c:/program files (x86)/atmel/studio/7.0/toolchain/arm/arm-gnu-toolchain/bin/../lib/gcc/arm-none-eabi/6.3.1/../../../../arm-none-eabi/lib/thumb/v7e-m\libc.a(lib_a-__call_atexit.o)
 .ARM.attributes
                0x00000a24       0x2e c:/program files (x86)/atmel/studio/7.0/toolchain/arm/arm-gnu-toolchain/bin/../lib/gcc/arm-none-eabi/6.3.1/../../../../arm-none-eabi/lib/thumb/v7e-m\libc.a(lib_a-atexit.o)
 .ARM.attributes
                0x00000a52       0x2e c:/program files (x86)/atmel/studio/7.0/toolchain/arm/arm-gnu-toolchain/bin/../lib/gcc/arm-none-eabi/6.3.1/../../../../arm-none-eabi/lib/thumb/v7e-m\libc.a(lib_a-fini.o)
 .ARM.attributes
                0x00000a80       0x2e c:/program files (x86)/atmel/studio/7.0/toolchain/arm/arm-gnu-toolchain/bin/../lib/gcc/arm-none-eabi/6.3.1/../../../../arm-none-eabi/lib/thumb/v7e-m\libc.a(lib_a-lock.o)
 .ARM.attributes
                0x00000aae       0x2e c:/program files (x86)/atmel/studio/7.0/toolchain/arm/arm-gnu-toolchain/bin/../lib/gcc/arm-none-eabi/6.3.1/../../../../arm-none-eabi/lib/thumb/v7e-m\libc.a(lib_a-__atexit.o)
 .ARM.attributes
                0x00000adc       0x1e c:/program files (x86)/atmel/studio/7.0/toolchain/arm/arm-gnu-toolchain/bin/../lib/gcc/arm-none-eabi/6.3.1/thumb/v7e-m/crtn.o

.comment        0x00000000       0x59
 .comment       0x00000000       0x59 Board packages/Source/board_button.o
                                 0x5a (size before relaxing)
 .comment       0x00000059       0x5a Board packages/Source/board_led.o
 .comment       0x00000059       0x5a Board packages/Source/board_sd_card.o
 .comment       0x00000059       0x5a Board packages/Source/board_serial.o
 .comment       0x00000059       0x5a Board packages/Source/board_serial_programming.o
 .comment       0x00000059       0x5a Command line interface/Source/command_line_interface.o
 .comment       0x00000059       0x5a Drivers/Source/check.o
 .comment       0x00000059       0x5a Drivers/Source/clock.o
 .comment       0x00000059       0x5a Drivers/Source/core.o
 .comment       0x00000059       0x5a Drivers/Source/dma.o
 .comment       0x00000059       0x5a Drivers/Source/dram.o
 .comment       0x00000059       0x5a Drivers/Source/flash.o
 .comment       0x00000059       0x5a Drivers/Source/gpio.o
 .comment       0x00000059       0x5a Drivers/Source/hsmci.o
 .comment       0x00000059       0x5a Drivers/Source/interrupt.o
 .comment       0x00000059       0x5a Drivers/Source/matrix.o
 .comment       0x00000059       0x5a Drivers/Source/systick.o
 .comment       0x00000059       0x5a Drivers/Source/timer.o
 .comment       0x00000059       0x5a Drivers/Source/usart.o
 .comment       0x00000059       0x5a Drivers/Source/usbhs.o
 .comment       0x00000059       0x5a Drivers/Source/watchdog.o
 .comment       0x00000059       0x5a File system/Source/file_system_fat.o
 .comment       0x00000059       0x5a File system/Source/file_system_io.o
 .comment       0x00000059       0x5a File system/Source/file_system_unicode.o
 .comment       0x00000059       0x5a Kernel/Source/dynamic_loader.o
 .comment       0x00000059       0x5a Kernel/Source/fault.o
 .comment       0x00000059       0x5a Kernel/Source/kernel.o
 .comment       0x00000059       0x5a Kernel/Source/list.o
 .comment       0x00000059       0x5a Kernel/Source/scheduler.o
 .comment       0x00000059       0x5a Kernel/Source/syscall.o
 .comment       0x00000059       0x5a Kernel/Source/thread.o
 .comment       0x00000059       0x5a Memory/Source/dynamic_memory.o
 .comment       0x00000059       0x5a SD/Source/sd_protocol.o
 .comment       0x00000059       0x5a System startup/startup.o
 .comment       0x00000059       0x5a main.o
 .comment       0x00000059       0x5a USB/Source/usb_host_core.o

.debug_info     0x00000000    0x2dc17
 .debug_info    0x00000000      0x779 Board packages/Source/board_button.o
 .debug_info    0x00000779      0x703 Board packages/Source/board_led.o
 .debug_info    0x00000e7c      0x826 Board packages/Source/board_sd_card.o
 .debug_info    0x000016a2     0x3359 Board packages/Source/board_serial.o
 .debug_info    0x000049fb     0x2d18 Board packages/Source/board_serial_programming.o
 .debug_info    0x00007713     0x2741 Command line interface/Source/command_line_interface.o
 .debug_info    0x00009e54      0x171 Drivers/Source/check.o
 .debug_info    0x00009fc5      0xef0 Drivers/Source/clock.o
 .debug_info    0x0000aeb5      0x1d6 Drivers/Source/core.o
 .debug_info    0x0000b08b     0x1f63 Drivers/Source/dma.o
 .debug_info    0x0000cfee     0x1d64 Drivers/Source/dram.o
 .debug_info    0x0000ed52      0x20c Drivers/Source/flash.o
 .debug_info    0x0000ef5e     0x10f7 Drivers/Source/gpio.o
 .debug_info    0x00010055     0x28ec Drivers/Source/hsmci.o
 .debug_info    0x00012941      0xb6f Drivers/Source/interrupt.o
 .debug_info    0x000134b0      0x4d3 Drivers/Source/matrix.o
 .debug_info    0x00013983      0x57c Drivers/Source/systick.o
 .debug_info    0x00013eff      0xb4d Drivers/Source/timer.o
 .debug_info    0x00014a4c      0x7dc Drivers/Source/usart.o
 .debug_info    0x00015228     0x19ef Drivers/Source/usbhs.o
 .debug_info    0x00016c17      0x185 Drivers/Source/watchdog.o
 .debug_info    0x00016d9c     0x995b File system/Source/file_system_fat.o
 .debug_info    0x000206f7      0x8b3 File system/Source/file_system_io.o
 .debug_info    0x00020faa      0x28a File system/Source/file_system_unicode.o
 .debug_info    0x00021234       0x7d Kernel/Assembly/kernel_context.o
 .debug_info    0x000212b1       0x85 Kernel/Assembly/kernel_service_handler.o
 .debug_info    0x00021336      0xf21 Kernel/Source/dynamic_loader.o
 .debug_info    0x00022257      0x4a9 Kernel/Source/fault.o
 .debug_info    0x00022700      0xb5a Kernel/Source/kernel.o
 .debug_info    0x0002325a      0x71b Kernel/Source/list.o
 .debug_info    0x00023975     0x137c Kernel/Source/scheduler.o
 .debug_info    0x00024cf1      0x185 Kernel/Source/syscall.o
 .debug_info    0x00024e76      0xad9 Kernel/Source/thread.o
 .debug_info    0x0002594f     0x145f Memory/Source/dynamic_memory.o
 .debug_info    0x00026dae     0x4ea5 SD/Source/sd_protocol.o
 .debug_info    0x0002bc53      0xb5d System startup/startup.o
 .debug_info    0x0002c7b0      0x2b6 main.o
 .debug_info    0x0002ca66     0x11b1 USB/Source/usb_host_core.o

.debug_abbrev   0x00000000     0x5378
 .debug_abbrev  0x00000000      0x12c Board packages/Source/board_button.o
 .debug_abbrev  0x0000012c      0x125 Board packages/Source/board_led.o
 .debug_abbrev  0x00000251      0x177 Board packages/Source/board_sd_card.o
 .debug_abbrev  0x000003c8      0x503 Board packages/Source/board_serial.o
 .debug_abbrev  0x000008cb      0x4ca Board packages/Source/board_serial_programming.o
 .debug_abbrev  0x00000d95      0x4bf Command line interface/Source/command_line_interface.o
 .debug_abbrev  0x00001254       0xd9 Drivers/Source/check.o
 .debug_abbrev  0x0000132d      0x1fd Drivers/Source/clock.o
 .debug_abbrev  0x0000152a      0x13b Drivers/Source/core.o
 .debug_abbrev  0x00001665      0x3f4 Drivers/Source/dma.o
 .debug_abbrev  0x00001a59      0x2b6 Drivers/Source/dram.o
 .debug_abbrev  0x00001d0f      0x12b Drivers/Source/flash.o
 .debug_abbrev  0x00001e3a      0x28d Drivers/Source/gpio.o
 .debug_abbrev  0x000020c7      0x3b5 Drivers/Source/hsmci.o
 .debug_abbrev  0x0000247c      0x224 Drivers/Source/interrupt.o
 .debug_abbrev  0x000026a0      0x14c Drivers/Source/matrix.o
 .debug_abbrev  0x000027ec      0x1da Drivers/Source/systick.o
 .debug_abbrev  0x000029c6      0x18d Drivers/Source/timer.o
 .debug_abbrev  0x00002b53      0x1b6 Drivers/Source/usart.o
 .debug_abbrev  0x00002d09      0x219 Drivers/Source/usbhs.o
 .debug_abbrev  0x00002f22       0xfd Drivers/Source/watchdog.o
 .debug_abbrev  0x0000301f      0x3ad File system/Source/file_system_fat.o
 .debug_abbrev  0x000033cc      0x202 File system/Source/file_system_io.o
 .debug_abbrev  0x000035ce       0xfb File system/Source/file_system_unicode.o
 .debug_abbrev  0x000036c9       0x14 Kernel/Assembly/kernel_context.o
 .debug_abbrev  0x000036dd       0x14 Kernel/Assembly/kernel_service_handler.o
 .debug_abbrev  0x000036f1      0x31b Kernel/Source/dynamic_loader.o
 .debug_abbrev  0x00003a0c       0xe1 Kernel/Source/fault.o
 .debug_abbrev  0x00003aed      0x1f3 Kernel/Source/kernel.o
 .debug_abbrev  0x00003ce0      0x21e Kernel/Source/list.o
 .debug_abbrev  0x00003efe      0x36e Kernel/Source/scheduler.o
 .debug_abbrev  0x0000426c       0xd9 Kernel/Source/syscall.o
 .debug_abbrev  0x00004345      0x2c8 Kernel/Source/thread.o
 .debug_abbrev  0x0000460d      0x398 Memory/Source/dynamic_memory.o
 .debug_abbrev  0x000049a5      0x41f SD/Source/sd_protocol.o
 .debug_abbrev  0x00004dc4      0x178 System startup/startup.o
 .debug_abbrev  0x00004f3c      0x163 main.o
 .debug_abbrev  0x0000509f      0x2d9 USB/Source/usb_host_core.o

.debug_loc      0x00000000    0x25aac
 .debug_loc     0x00000000       0x2c Board packages/Source/board_button.o
 .debug_loc     0x0000002c       0x41 Board packages/Source/board_led.o
 .debug_loc     0x0000006d       0x70 Board packages/Source/board_sd_card.o
 .debug_loc     0x000000dd     0x1a42 Board packages/Source/board_serial.o
 .debug_loc     0x00001b1f     0x1542 Board packages/Source/board_serial_programming.o
 .debug_loc     0x00003061      0xb14 Command line interface/Source/command_line_interface.o
 .debug_loc     0x00003b75       0x83 Drivers/Source/check.o
 .debug_loc     0x00003bf8      0x862 Drivers/Source/clock.o
 .debug_loc     0x0000445a       0x13 Drivers/Source/core.o
 .debug_loc     0x0000446d     0x151d Drivers/Source/dma.o
 .debug_loc     0x0000598a      0xafc Drivers/Source/dram.o
 .debug_loc     0x00006486       0x77 Drivers/Source/flash.o
 .debug_loc     0x000064fd      0x9fc Drivers/Source/gpio.o
 .debug_loc     0x00006ef9     0x1e48 Drivers/Source/hsmci.o
 .debug_loc     0x00008d41      0x1c0 Drivers/Source/interrupt.o
 .debug_loc     0x00008f01      0x1c3 Drivers/Source/matrix.o
 .debug_loc     0x000090c4      0x349 Drivers/Source/systick.o
 .debug_loc     0x0000940d      0x8e7 Drivers/Source/timer.o
 .debug_loc     0x00009cf4      0x25d Drivers/Source/usart.o
 .debug_loc     0x00009f51      0xf93 Drivers/Source/usbhs.o
 .debug_loc     0x0000aee4       0x38 Drivers/Source/watchdog.o
 .debug_loc     0x0000af1c    0x12997 File system/Source/file_system_fat.o
 .debug_loc     0x0001d8b3      0x28a File system/Source/file_system_io.o
 .debug_loc     0x0001db3d      0x46b File system/Source/file_system_unicode.o
 .debug_loc     0x0001dfa8      0x50a Kernel/Source/dynamic_loader.o
 .debug_loc     0x0001e4b2      0x112 Kernel/Source/fault.o
 .debug_loc     0x0001e5c4       0x52 Kernel/Source/kernel.o
 .debug_loc     0x0001e616      0x669 Kernel/Source/list.o
 .debug_loc     0x0001ec7f      0x509 Kernel/Source/scheduler.o
 .debug_loc     0x0001f188       0x9c Kernel/Source/syscall.o
 .debug_loc     0x0001f224      0x295 Kernel/Source/thread.o
 .debug_loc     0x0001f4b9      0x64c Memory/Source/dynamic_memory.o
 .debug_loc     0x0001fb05     0x5b15 SD/Source/sd_protocol.o
 .debug_loc     0x0002561a       0x20 System startup/startup.o
 .debug_loc     0x0002563a       0xad main.o
 .debug_loc     0x000256e7      0x3c5 USB/Source/usb_host_core.o

.debug_aranges  0x00000000      0xff0
 .debug_aranges
                0x00000000       0x28 Board packages/Source/board_button.o
 .debug_aranges
                0x00000028       0x20 Board packages/Source/board_led.o
 .debug_aranges
                0x00000048       0x28 Board packages/Source/board_sd_card.o
 .debug_aranges
                0x00000070       0xa0 Board packages/Source/board_serial.o
 .debug_aranges
                0x00000110       0x78 Board packages/Source/board_serial_programming.o
 .debug_aranges
                0x00000188       0x88 Command line interface/Source/command_line_interface.o
 .debug_aranges
                0x00000210       0x20 Drivers/Source/check.o
 .debug_aranges
                0x00000230       0x80 Drivers/Source/clock.o
 .debug_aranges
                0x000002b0       0x28 Drivers/Source/core.o
 .debug_aranges
                0x000002d8      0x130 Drivers/Source/dma.o
 .debug_aranges
                0x00000408       0x80 Drivers/Source/dram.o
 .debug_aranges
                0x00000488       0x20 Drivers/Source/flash.o
 .debug_aranges
                0x000004a8       0xa8 Drivers/Source/gpio.o
 .debug_aranges
                0x00000550      0x150 Drivers/Source/hsmci.o
 .debug_aranges
                0x000006a0       0x40 Drivers/Source/interrupt.o
 .debug_aranges
                0x000006e0       0x30 Drivers/Source/matrix.o
 .debug_aranges
                0x00000710       0x68 Drivers/Source/systick.o
 .debug_aranges
                0x00000778       0xa0 Drivers/Source/timer.o
 .debug_aranges
                0x00000818       0x48 Drivers/Source/usart.o
 .debug_aranges
                0x00000860      0x190 Drivers/Source/usbhs.o
 .debug_aranges
                0x000009f0       0x20 Drivers/Source/watchdog.o
 .debug_aranges
                0x00000a10      0x168 File system/Source/file_system_fat.o
 .debug_aranges
                0x00000b78       0x58 File system/Source/file_system_io.o
 .debug_aranges
                0x00000bd0       0x30 File system/Source/file_system_unicode.o
 .debug_aranges
                0x00000c00       0x20 Kernel/Assembly/kernel_context.o
 .debug_aranges
                0x00000c20       0x20 Kernel/Assembly/kernel_service_handler.o
 .debug_aranges
                0x00000c40       0x40 Kernel/Source/dynamic_loader.o
 .debug_aranges
                0x00000c80       0x38 Kernel/Source/fault.o
 .debug_aranges
                0x00000cb8       0x20 Kernel/Source/kernel.o
 .debug_aranges
                0x00000cd8       0x48 Kernel/Source/list.o
 .debug_aranges
                0x00000d20       0x78 Kernel/Source/scheduler.o
 .debug_aranges
                0x00000d98       0x30 Kernel/Source/syscall.o
 .debug_aranges
                0x00000dc8       0x40 Kernel/Source/thread.o
 .debug_aranges
                0x00000e08       0x58 Memory/Source/dynamic_memory.o
 .debug_aranges
                0x00000e60       0xe0 SD/Source/sd_protocol.o
 .debug_aranges
                0x00000f40       0x28 System startup/startup.o
 .debug_aranges
                0x00000f68       0x30 main.o
 .debug_aranges
                0x00000f98       0x58 USB/Source/usb_host_core.o

.debug_ranges   0x00000000     0x6250
 .debug_ranges  0x00000000       0x18 Board packages/Source/board_button.o
 .debug_ranges  0x00000018       0x10 Board packages/Source/board_led.o
 .debug_ranges  0x00000028       0x58 Board packages/Source/board_sd_card.o
 .debug_ranges  0x00000080      0x4b8 Board packages/Source/board_serial.o
 .debug_ranges  0x00000538      0x378 Board packages/Source/board_serial_programming.o
 .debug_ranges  0x000008b0      0x160 Command line interface/Source/command_line_interface.o
 .debug_ranges  0x00000a10       0x10 Drivers/Source/check.o
 .debug_ranges  0x00000a20      0x1c8 Drivers/Source/clock.o
 .debug_ranges  0x00000be8       0x18 Drivers/Source/core.o
 .debug_ranges  0x00000c00      0x328 Drivers/Source/dma.o
 .debug_ranges  0x00000f28      0x268 Drivers/Source/dram.o
 .debug_ranges  0x00001190       0x30 Drivers/Source/flash.o
 .debug_ranges  0x000011c0      0x258 Drivers/Source/gpio.o
 .debug_ranges  0x00001418      0x440 Drivers/Source/hsmci.o
 .debug_ranges  0x00001858       0x70 Drivers/Source/interrupt.o
 .debug_ranges  0x000018c8       0x20 Drivers/Source/matrix.o
 .debug_ranges  0x000018e8       0xd8 Drivers/Source/systick.o
 .debug_ranges  0x000019c0       0xb8 Drivers/Source/timer.o
 .debug_ranges  0x00001a78       0x90 Drivers/Source/usart.o
 .debug_ranges  0x00001b08      0x308 Drivers/Source/usbhs.o
 .debug_ranges  0x00001e10       0x10 Drivers/Source/watchdog.o
 .debug_ranges  0x00001e20     0x2a70 File system/Source/file_system_fat.o
 .debug_ranges  0x00004890       0x90 File system/Source/file_system_io.o
 .debug_ranges  0x00004920       0x20 File system/Source/file_system_unicode.o
 .debug_ranges  0x00004940       0xc8 Kernel/Source/dynamic_loader.o
 .debug_ranges  0x00004a08       0x28 Kernel/Source/fault.o
 .debug_ranges  0x00004a30       0x48 Kernel/Source/kernel.o
 .debug_ranges  0x00004a78      0x168 Kernel/Source/list.o
 .debug_ranges  0x00004be0       0xb8 Kernel/Source/scheduler.o
 .debug_ranges  0x00004c98       0x20 Kernel/Source/syscall.o
 .debug_ranges  0x00004cb8       0x60 Kernel/Source/thread.o
 .debug_ranges  0x00004d18       0x98 Memory/Source/dynamic_memory.o
 .debug_ranges  0x00004db0     0x1400 SD/Source/sd_protocol.o
 .debug_ranges  0x000061b0       0x18 System startup/startup.o
 .debug_ranges  0x000061c8       0x20 main.o
 .debug_ranges  0x000061e8       0x68 USB/Source/usb_host_core.o

.debug_macro    0x00000000    0x3f6c4
 .debug_macro   0x00000000      0x501 Board packages/Source/board_button.o
 .debug_macro   0x00000501      0x8b0 Board packages/Source/board_button.o
 .debug_macro   0x00000db1       0x22 Board packages/Source/board_button.o
 .debug_macro   0x00000dd3       0x87 Board packages/Source/board_button.o
 .debug_macro   0x00000e5a       0x51 Board packages/Source/board_button.o
 .debug_macro   0x00000eab       0xef Board packages/Source/board_button.o
 .debug_macro   0x00000f9a       0x6a Board packages/Source/board_button.o
 .debug_macro   0x00001004      0x1df Board packages/Source/board_button.o
 .debug_macro   0x000011e3       0xd1 Board packages/Source/board_button.o
 .debug_macro   0x000012b4       0x1c Board packages/Source/board_button.o
 .debug_macro   0x000012d0       0x22 Board packages/Source/board_button.o
 .debug_macro   0x000012f2       0xdf Board packages/Source/board_button.o
 .debug_macro   0x000013d1     0x12cd Board packages/Source/board_button.o
 .debug_macro   0x0000269e      0x11f Board packages/Source/board_button.o
 .debug_macro   0x000027bd       0x19 Board packages/Source/board_button.o
 .debug_macro   0x000027d6      0x3e2 Board packages/Source/board_button.o
 .debug_macro   0x00002bb8      0x5a9 Board packages/Source/board_button.o
 .debug_macro   0x00003161     0x1797 Board packages/Source/board_button.o
 .debug_macro   0x000048f8      0x3bb Board packages/Source/board_button.o
 .debug_macro   0x00004cb3      0x830 Board packages/Source/board_button.o
 .debug_macro   0x000054e3      0x316 Board packages/Source/board_button.o
 .debug_macro   0x000057f9     0x269d Board packages/Source/board_button.o
 .debug_macro   0x00007e96       0x40 Board packages/Source/board_button.o
 .debug_macro   0x00007ed6     0x105e Board packages/Source/board_button.o
 .debug_macro   0x00008f34      0x60b Board packages/Source/board_button.o
 .debug_macro   0x0000953f      0x555 Board packages/Source/board_button.o
 .debug_macro   0x00009a94      0xb8f Board packages/Source/board_button.o
 .debug_macro   0x0000a623      0x602 Board packages/Source/board_button.o
 .debug_macro   0x0000ac25     0x3ac9 Board packages/Source/board_button.o
 .debug_macro   0x0000e6ee     0x83ff Board packages/Source/board_button.o
 .debug_macro   0x00016aed     0x31db Board packages/Source/board_button.o
 .debug_macro   0x00019cc8     0x24d0 Board packages/Source/board_button.o
 .debug_macro   0x0001c198      0x87f Board packages/Source/board_button.o
 .debug_macro   0x0001ca17      0x17d Board packages/Source/board_button.o
 .debug_macro   0x0001cb94      0x118 Board packages/Source/board_button.o
 .debug_macro   0x0001ccac      0x909 Board packages/Source/board_button.o
 .debug_macro   0x0001d5b5      0x125 Board packages/Source/board_button.o
 .debug_macro   0x0001d6da      0x503 Board packages/Source/board_button.o
 .debug_macro   0x0001dbdd      0x3e0 Board packages/Source/board_button.o
 .debug_macro   0x0001dfbd      0x709 Board packages/Source/board_button.o
 .debug_macro   0x0001e6c6      0xb64 Board packages/Source/board_button.o
 .debug_macro   0x0001f22a      0xf03 Board packages/Source/board_button.o
 .debug_macro   0x0002012d      0xff2 Board packages/Source/board_button.o
 .debug_macro   0x0002111f       0xa6 Board packages/Source/board_button.o
 .debug_macro   0x000211c5      0x124 Board packages/Source/board_button.o
 .debug_macro   0x000212e9      0xbc2 Board packages/Source/board_button.o
 .debug_macro   0x00021eab      0x5c5 Board packages/Source/board_button.o
 .debug_macro   0x00022470     0x1afb Board packages/Source/board_button.o
 .debug_macro   0x00023f6b      0x56f Board packages/Source/board_button.o
 .debug_macro   0x000244da     0x41a7 Board packages/Source/board_button.o
 .debug_macro   0x00028681      0x3a1 Board packages/Source/board_button.o
 .debug_macro   0x00028a22       0xc4 Board packages/Source/board_button.o
 .debug_macro   0x00028ae6      0x12d Board packages/Source/board_button.o
 .debug_macro   0x00028c13     0x2a5f Board packages/Source/board_button.o
 .debug_macro   0x0002b672       0x7c Board packages/Source/board_button.o
 .debug_macro   0x0002b6ee      0x14e Board packages/Source/board_button.o
 .debug_macro   0x0002b83c       0xf4 Board packages/Source/board_button.o
 .debug_macro   0x0002b930       0xf4 Board packages/Source/board_button.o
 .debug_macro   0x0002ba24       0x16 Board packages/Source/board_button.o
 .debug_macro   0x0002ba3a       0x7c Board packages/Source/board_button.o
 .debug_macro   0x0002bab6       0x40 Board packages/Source/board_button.o
 .debug_macro   0x0002baf6      0x623 Board packages/Source/board_button.o
 .debug_macro   0x0002c119       0x40 Board packages/Source/board_button.o
 .debug_macro   0x0002c159      0x7ce Board packages/Source/board_button.o
 .debug_macro   0x0002c927       0x6a Board packages/Source/board_button.o
 .debug_macro   0x0002c991       0x6a Board packages/Source/board_button.o
 .debug_macro   0x0002c9fb       0x88 Board packages/Source/board_button.o
 .debug_macro   0x0002ca83       0xac Board packages/Source/board_button.o
 .debug_macro   0x0002cb2f      0x142 Board packages/Source/board_button.o
 .debug_macro   0x0002cc71      0x138 Board packages/Source/board_button.o
 .debug_macro   0x0002cda9      0x138 Board packages/Source/board_button.o
 .debug_macro   0x0002cee1      0x187 Board packages/Source/board_button.o
 .debug_macro   0x0002d068      0x180 Board packages/Source/board_button.o
 .debug_macro   0x0002d1e8      0x180 Board packages/Source/board_button.o
 .debug_macro   0x0002d368      0x180 Board packages/Source/board_button.o
 .debug_macro   0x0002d4e8      0x180 Board packages/Source/board_button.o
 .debug_macro   0x0002d668      0x121 Board packages/Source/board_button.o
 .debug_macro   0x0002d789      0x352 Board packages/Source/board_button.o
 .debug_macro   0x0002dadb      0x352 Board packages/Source/board_button.o
 .debug_macro   0x0002de2d       0x82 Board packages/Source/board_button.o
 .debug_macro   0x0002deaf       0x22 Board packages/Source/board_button.o
 .debug_macro   0x0002ded1       0x22 Board packages/Source/board_button.o
 .debug_macro   0x0002def3       0x58 Board packages/Source/board_button.o
 .debug_macro   0x0002df4b       0x28 Board packages/Source/board_button.o
 .debug_macro   0x0002df73       0x64 Board packages/Source/board_button.o
 .debug_macro   0x0002dfd7       0x94 Board packages/Source/board_button.o
 .debug_macro   0x0002e06b       0x7c Board packages/Source/board_button.o
 .debug_macro   0x0002e0e7       0x7c Board packages/Source/board_button.o
 .debug_macro   0x0002e163       0x8e Board packages/Source/board_button.o
 .debug_macro   0x0002e1f1       0x34 Board packages/Source/board_button.o
 .debug_macro   0x0002e225      0x1a8 Board packages/Source/board_button.o
 .debug_macro   0x0002e3cd      0x1a8 Board packages/Source/board_button.o
 .debug_macro   0x0002e575      0x1a8 Board packages/Source/board_button.o
 .debug_macro   0x0002e71d      0x1a8 Board packages/Source/board_button.o
 .debug_macro   0x0002e8c5       0x3a Board packages/Source/board_button.o
 .debug_macro   0x0002e8ff       0x82 Board packages/Source/board_button.o
 .debug_macro   0x0002e981       0x82 Board packages/Source/board_button.o
 .debug_macro   0x0002ea03       0x82 Board packages/Source/board_button.o
 .debug_macro   0x0002ea85       0x70 Board packages/Source/board_button.o
 .debug_macro   0x0002eaf5       0x70 Board packages/Source/board_button.o
 .debug_macro   0x0002eb65       0x70 Board packages/Source/board_button.o
 .debug_macro   0x0002ebd5       0x70 Board packages/Source/board_button.o
 .debug_macro   0x0002ec45       0x70 Board packages/Source/board_button.o
 .debug_macro   0x0002ecb5       0xf4 Board packages/Source/board_button.o
 .debug_macro   0x0002eda9       0xf4 Board packages/Source/board_button.o
 .debug_macro   0x0002ee9d       0xf4 Board packages/Source/board_button.o
 .debug_macro   0x0002ef91      0x71f Board packages/Source/board_button.o
 .debug_macro   0x0002f6b0       0x16 Board packages/Source/board_button.o
 .debug_macro   0x0002f6c6       0x22 Board packages/Source/board_button.o
 .debug_macro   0x0002f6e8      0x9bf Board packages/Source/board_button.o
 .debug_macro   0x000300a7      0x583 Board packages/Source/board_button.o
 .debug_macro   0x0003062a     0x283a Board packages/Source/board_button.o
 .debug_macro   0x00032e64      0x169 Board packages/Source/board_button.o
 .debug_macro   0x00032fcd       0x3a Board packages/Source/board_button.o
 .debug_macro   0x00033007       0x3a Board packages/Source/board_button.o
 .debug_macro   0x00033041       0xba Board packages/Source/board_button.o
 .debug_macro   0x000330fb       0x10 Board packages/Source/board_button.o
 .debug_macro   0x0003310b       0x10 Board packages/Source/board_button.o
 .debug_macro   0x0003311b      0x4af Board packages/Source/board_led.o
 .debug_macro   0x000335ca      0x4b0 Board packages/Source/board_sd_card.o
 .debug_macro   0x00033a7a      0x677 Board packages/Source/board_serial.o
 .debug_macro   0x000340f1       0x34 Board packages/Source/board_serial.o
 .debug_macro   0x00034125       0x1c Board packages/Source/board_serial.o
 .debug_macro   0x00034141       0x40 Board packages/Source/board_serial.o
 .debug_macro   0x00034181       0x82 Board packages/Source/board_serial.o
 .debug_macro   0x00034203       0x58 Board packages/Source/board_serial.o
 .debug_macro   0x0003425b       0x35 Board packages/Source/board_serial.o
 .debug_macro   0x00034290       0x9c Board packages/Source/board_serial.o
 .debug_macro   0x0003432c       0x16 Board packages/Source/board_serial.o
 .debug_macro   0x00034342       0x97 Board packages/Source/board_serial.o
 .debug_macro   0x000343d9      0x34d Board packages/Source/board_serial.o
 .debug_macro   0x00034726       0xf6 Board packages/Source/board_serial.o
 .debug_macro   0x0003481c       0x10 Board packages/Source/board_serial.o
 .debug_macro   0x0003482c       0x58 Board packages/Source/board_serial.o
 .debug_macro   0x00034884       0x1f Board packages/Source/board_serial.o
 .debug_macro   0x000348a3       0x43 Board packages/Source/board_serial.o
 .debug_macro   0x000348e6       0x20 Board packages/Source/board_serial.o
 .debug_macro   0x00034906      0x187 Board packages/Source/board_serial.o
 .debug_macro   0x00034a8d       0x10 Board packages/Source/board_serial.o
 .debug_macro   0x00034a9d       0x1c Board packages/Source/board_serial.o
 .debug_macro   0x00034ab9       0x52 Board packages/Source/board_serial.o
 .debug_macro   0x00034b0b       0x40 Board packages/Source/board_serial.o
 .debug_macro   0x00034b4b       0x10 Board packages/Source/board_serial.o
 .debug_macro   0x00034b5b       0x40 Board packages/Source/board_serial.o
 .debug_macro   0x00034b9b       0xd7 Board packages/Source/board_serial.o
 .debug_macro   0x00034c72       0x16 Board packages/Source/board_serial.o
 .debug_macro   0x00034c88      0x18b Board packages/Source/board_serial.o
 .debug_macro   0x00034e13       0x4c Board packages/Source/board_serial.o
 .debug_macro   0x00034e5f      0x64c Board packages/Source/board_serial_programming.o
 .debug_macro   0x000354ab       0x34 Board packages/Source/board_serial_programming.o
 .debug_macro   0x000354df       0xc0 Board packages/Source/board_serial_programming.o
 .debug_macro   0x0003559f      0x627 Command line interface/Source/command_line_interface.o
 .debug_macro   0x00035bc6       0x16 Command line interface/Source/command_line_interface.o
 .debug_macro   0x00035bdc      0x10c Command line interface/Source/command_line_interface.o
 .debug_macro   0x00035ce8       0xf5 Command line interface/Source/command_line_interface.o
 .debug_macro   0x00035ddd       0x16 Command line interface/Source/command_line_interface.o
 .debug_macro   0x00035df3      0x16d Command line interface/Source/command_line_interface.o
 .debug_macro   0x00035f60       0x10 Command line interface/Source/command_line_interface.o
 .debug_macro   0x00035f70       0x35 Command line interface/Source/command_line_interface.o
 .debug_macro   0x00035fa5      0x4c3 Drivers/Source/check.o
 .debug_macro   0x00036468      0x4a5 Drivers/Source/clock.o
 .debug_macro   0x0003690d      0x4a9 Drivers/Source/core.o
 .debug_macro   0x00036db6       0x10 Drivers/Source/core.o
 .debug_macro   0x00036dc6      0x4e8 Drivers/Source/dma.o
 .debug_macro   0x000372ae       0x3a Drivers/Source/dma.o
 .debug_macro   0x000372e8       0x10 Drivers/Source/dma.o
 .debug_macro   0x000372f8      0x4c3 Drivers/Source/dram.o
 .debug_macro   0x000377bb      0x4a5 Drivers/Source/flash.o
 .debug_macro   0x00037c60      0x4a5 Drivers/Source/gpio.o
 .debug_macro   0x00038105      0x4e4 Drivers/Source/hsmci.o
 .debug_macro   0x000385e9       0x16 Drivers/Source/hsmci.o
 .debug_macro   0x000385ff      0x4a9 Drivers/Source/interrupt.o
 .debug_macro   0x00038aa8      0x4a5 Drivers/Source/matrix.o
 .debug_macro   0x00038f4d      0x4bd Drivers/Source/systick.o
 .debug_macro   0x0003940a      0x4aa Drivers/Source/timer.o
 .debug_macro   0x000398b4       0x7c Drivers/Source/timer.o
 .debug_macro   0x00039930      0x4aa Drivers/Source/usart.o
 .debug_macro   0x00039dda      0x4aa Drivers/Source/usbhs.o
 .debug_macro   0x0003a284       0x40 Drivers/Source/usbhs.o
 .debug_macro   0x0003a2c4      0x4a5 Drivers/Source/watchdog.o
 .debug_macro   0x0003a769      0xa05 File system/Source/file_system_fat.o
 .debug_macro   0x0003b16e       0xef File system/Source/file_system_fat.o
 .debug_macro   0x0003b25d       0xd7 File system/Source/file_system_fat.o
 .debug_macro   0x0003b334       0x4c File system/Source/file_system_fat.o
 .debug_macro   0x0003b380       0x58 File system/Source/file_system_fat.o
 .debug_macro   0x0003b3d8      0x4c3 File system/Source/file_system_io.o
 .debug_macro   0x0003b89b       0x1c File system/Source/file_system_io.o
 .debug_macro   0x0003b8b7       0xe4 File system/Source/file_system_io.o
 .debug_macro   0x0003b99b       0x8d File system/Source/file_system_unicode.o
 .debug_macro   0x0003ba28      0x4fa Kernel/Source/dynamic_loader.o
 .debug_macro   0x0003bf22      0x4bd Kernel/Source/fault.o
 .debug_macro   0x0003c3df      0x576 Kernel/Source/kernel.o
 .debug_macro   0x0003c955      0x4d3 Kernel/Source/list.o
 .debug_macro   0x0003ce28      0x516 Kernel/Source/scheduler.o
 .debug_macro   0x0003d33e       0x16 Kernel/Source/scheduler.o
 .debug_macro   0x0003d354      0x4fa Kernel/Source/syscall.o
 .debug_macro   0x0003d84e      0x4f6 Kernel/Source/thread.o
 .debug_macro   0x0003dd44      0x5a3 Memory/Source/dynamic_memory.o
 .debug_macro   0x0003e2e7      0x4c6 SD/Source/sd_protocol.o
 .debug_macro   0x0003e7ad      0x488 System startup/startup.o
 .debug_macro   0x0003ec35      0x514 main.o
 .debug_macro   0x0003f149      0x4f3 USB/Source/usb_host_core.o
 .debug_macro   0x0003f63c       0x46 USB/Source/usb_host_core.o
 .debug_macro   0x0003f682       0x42 USB/Source/usb_host_core.o

.debug_line     0x00000000    0x1ba97
 .debug_line    0x00000000      0x9da Board packages/Source/board_button.o
 .debug_line    0x000009da      0x950 Board packages/Source/board_led.o
 .debug_line    0x0000132a      0x961 Board packages/Source/board_sd_card.o
 .debug_line    0x00001c8b      0xf5f Board packages/Source/board_serial.o
 .debug_line    0x00002bea      0xe18 Board packages/Source/board_serial_programming.o
 .debug_line    0x00003a02      0xe9c Command line interface/Source/command_line_interface.o
 .debug_line    0x0000489e      0x949 Drivers/Source/check.o
 .debug_line    0x000051e7      0xb1f Drivers/Source/clock.o
 .debug_line    0x00005d06      0x91a Drivers/Source/core.o
 .debug_line    0x00006620      0xe3c Drivers/Source/dma.o